 gh0st

 Timestamp is 4cdbda1c (Thu Nov 11 19:57:16 2010)

 Preferred load address is 00400000

 Start         Length     Name                   Class
 0001:00000000 0003dad8H .text                   CODE
 0001:0003dad8 00000f7cH .text$AFX_AUX           CODE
 0001:0003ea54 000010efH .text$AFX_CMNCTL        CODE
 0001:0003fb43 00000684H .text$AFX_COL1          CODE
 0001:000401c7 000004c7H .text$AFX_COL2          CODE
 0001:0004068e 00007303H .text$AFX_CORE1         CODE
 0001:00047991 00004564H .text$AFX_CORE2         CODE
 0001:0004bef5 0000522bH .text$AFX_CORE3         CODE
 0001:00051120 00002f2cH .text$AFX_CORE4         CODE
 0001:0005404c 000038f7H .text$AFX_INIT          CODE
 0001:00057943 00000290H .text$AFX_OLE1          CODE
 0001:00057bd3 0000018cH .text$AFX_OLE2          CODE
 0001:00057d5f 0000035dH .text$AFX_OLE3          CODE
 0001:000580bc 0000035aH .text$AFX_OLE4          CODE
 0001:00058416 00000e7eH .text$AFX_OLE5          CODE
 0001:00059294 00000266H .text$AFX_TERM          CODE
 0001:00059500 00004192H .text$x                 CODE
 0002:00000000 00000884H .idata$5                DATA
 0002:00000888 00008ef0H .rdata                  DATA
 0002:00009778 000020fcH .rdata$r                DATA
 0002:0000b878 000065a8H .xdata$x                DATA
 0002:00011e20 00000168H .idata$2                DATA
 0002:00011f88 00000014H .idata$3                DATA
 0002:00011f9c 00000884H .idata$4                DATA
 0002:00012820 00002206H .idata$6                DATA
 0002:00014a26 00000000H .edata                  DATA
 0003:00000000 00000004H .CRT$XCA                DATA
 0003:00000004 0000002cH .CRT$XCC                DATA
 0003:00000030 00000014H .CRT$XCL                DATA
 0003:00000044 00000054H .CRT$XCU                DATA
 0003:00000098 00000004H .CRT$XCZ                DATA
 0003:0000009c 00000004H .CRT$XIA                DATA
 0003:000000a0 0000000cH .CRT$XIC                DATA
 0003:000000ac 00000004H .CRT$XIY                DATA
 0003:000000b0 00000004H .CRT$XIZ                DATA
 0003:000000b4 00000004H .CRT$XPA                DATA
 0003:000000b8 00000004H .CRT$XPX                DATA
 0003:000000bc 00000004H .CRT$XPZ                DATA
 0003:000000c0 00000004H .CRT$XTA                DATA
 0003:000000c4 00000004H .CRT$XTB                DATA
 0003:000000c8 00000004H .CRT$XTZ                DATA
 0003:000000d0 000068b3H .data                   DATA
 0003:00006988 00004500H .bss                    DATA
 0004:00000000 00001110H .rsrc$01                DATA
 0004:00001110 00030ae0H .rsrc$02                DATA

  Address         Publics by Value              Rva+Base     Lib:Object

 0001:00000000       ??0CAudio@@QAE@XZ          00401000 f   Audio.obj
 0001:000000d0       ??_GCAudio@@UAEPAXI@Z      004010d0 f i Audio.obj
 0001:000000d0       ??_ECAudio@@UAEPAXI@Z      004010d0 f i Audio.obj
 0001:000000f0       ??1CAudio@@UAE@XZ          004010f0 f   Audio.obj
 0001:000001e0       ?getRecordBuffer@CAudio@@QAEPAEPAK@Z 004011e0 f   Audio.obj
 0001:00000240       ?playBuffer@CAudio@@QAE_NPAEK@Z 00401240 f   Audio.obj
 0001:000002c0       ?InitializeWaveIn@CAudio@@AAE_NXZ 004012c0 f   Audio.obj
 0001:00000390       ?InitializeWaveOut@CAudio@@AAE_NXZ 00401390 f   Audio.obj
 0001:00000430       ?waveInCallBack@CAudio@@CGKPAX@Z 00401430 f   Audio.obj
 0001:000004f0       ??0CAudioDlg@@QAE@PAVCWnd@@PAVCIOCPServer@@PAUClientContext@@@Z 004014f0 f   AudioDlg.obj
 0001:000005f0       ??_GCAudioDlg@@UAEPAXI@Z   004015f0 f i AudioDlg.obj
 0001:000005f0       ??_ECAudioDlg@@UAEPAXI@Z   004015f0 f i AudioDlg.obj
 0001:00000610       ??1CAudioDlg@@UAE@XZ       00401610 f i AudioDlg.obj
 0001:00000670       ?DoDataExchange@CAudioDlg@@MAEXPAVCDataExchange@@@Z 00401670 f   AudioDlg.obj
 0001:00000690       ?GetMessageMap@CAudioDlg@@MBEPBUAFX_MSGMAP@@XZ 00401690 f   AudioDlg.obj
 0001:000006a0       ?OnInitDialog@CAudioDlg@@MAEHXZ 004016a0 f   AudioDlg.obj
 0001:00000790       ?OnReceiveComplete@CAudioDlg@@QAEXXZ 00401790 f   AudioDlg.obj
 0001:00000860       ?OnReceive@CAudioDlg@@QAEXXZ 00401860 f   AudioDlg.obj
 0001:00000870       ?OnClose@CAudioDlg@@IAEXXZ 00401870 f   AudioDlg.obj
 0001:000008b0       ?OnSendLocalaudio@CAudioDlg@@IAEXXZ 004018b0 f   AudioDlg.obj
 0001:000008c0       ?WorkThread@CAudioDlg@@CGKPAX@Z 004018c0 f   AudioDlg.obj
 0001:00000930       ?DoDataExchange@CWnd@@MAEXPAVCDataExchange@@@Z 00401930 f i AudioDlg.obj
 0001:00000930       ?Serialize@CObject@@UAEXAAVCArchive@@@Z 00401930 f i AudioDlg.obj
 0001:00000940       ?BeginModalState@CWnd@@UAEXXZ 00401940 f i AudioDlg.obj
 0001:00000950       ?EndModalState@CWnd@@UAEXXZ 00401950 f i AudioDlg.obj
 0001:00000960       ??0CBmpToAvi@@QAE@XZ       00401960 f   BmpToAvi.obj
 0001:00000980       ??_GCBmpToAvi@@UAEPAXI@Z   00401980 f i BmpToAvi.obj
 0001:00000980       ??_ECBmpToAvi@@UAEPAXI@Z   00401980 f i BmpToAvi.obj
 0001:000009a0       ??1CBmpToAvi@@UAE@XZ       004019a0 f   BmpToAvi.obj
 0001:000009b0       ?Open@CBmpToAvi@@QAE_NPBDPAUtagBITMAPINFO@@@Z 004019b0 f   BmpToAvi.obj
 0001:00000a70       ?Write@CBmpToAvi@@QAE_NPAX@Z 00401a70 f   BmpToAvi.obj
 0001:00000ac0       ?Close@CBmpToAvi@@QAEXXZ   00401ac0 f   BmpToAvi.obj
 0001:00000af0       ??0CButtonST@@QAE@XZ       00401af0 f   BtnST.obj
 0001:00000c30       ??_ECButtonST@@UAEPAXI@Z   00401c30 f i BtnST.obj
 0001:00000c30       ??_GCButtonST@@UAEPAXI@Z   00401c30 f i BtnST.obj
 0001:00000c50       ??1CButtonST@@UAE@XZ       00401c50 f   BtnST.obj
 0001:00000d30       ?GetMessageMap@CButtonST@@MBEPBUAFX_MSGMAP@@XZ 00401d30 f   BtnST.obj
 0001:00000d40       ?FreeResources@CButtonST@@AAEXH@Z 00401d40 f   BtnST.obj
 0001:00000dd0       ?PreSubclassWindow@CButtonST@@MAEXXZ 00401dd0 f   BtnST.obj
 0001:00000e30       ?OnGetDlgCode@CButtonST@@IAEIXZ 00401e30 f   BtnST.obj
 0001:00000e50       ?PreTranslateMessage@CButtonST@@UAEHPAUtagMSG@@@Z 00401e50 f   BtnST.obj
 0001:00000e90       ?CtlColor@CButtonST@@IAEPAUHBRUSH__@@PAVCDC@@I@Z 00401e90 f   BtnST.obj
 0001:00000ea0       ?OnSysColorChange@CButtonST@@IAEXXZ 00401ea0 f   BtnST.obj
 0001:00000ed0       ?OnSetStyle@CButtonST@@AAEJIJ@Z 00401ed0 f   BtnST.obj
 0001:00000f10       ?OnSetCheck@CButtonST@@AAEJIJ@Z 00401f10 f   BtnST.obj
 0001:00000f40       ?OnGetCheck@CButtonST@@AAEJIJ@Z 00401f40 f   BtnST.obj
 0001:00000f50       ?OnEnable@CButtonST@@IAEXH@Z 00401f50 f   BtnST.obj
 0001:00000fc0       ?OnKillFocus@CButtonST@@IAEXPAVCWnd@@@Z 00401fc0 f   BtnST.obj
 0001:00000fe0       ?OnActivate@CButtonST@@IAEXIPAVCWnd@@H@Z 00401fe0 f   BtnST.obj
 0001:00001000       ?OnCancelMode@CButtonST@@IAEXXZ 00402000 f   BtnST.obj
 0001:00001020       ?OnSetCursor@CButtonST@@IAEHPAVCWnd@@II@Z 00402020 f   BtnST.obj
 0001:00001050       ?CancelHover@CButtonST@@AAEXXZ 00402050 f   BtnST.obj
 0001:00001080       ?OnMouseMove@CButtonST@@IAEXIVCPoint@@@Z 00402080 f   BtnST.obj
 0001:00001180       ?OnMouseLeave@CButtonST@@AAEJIJ@Z 00402180 f   BtnST.obj
 0001:00001190       ?OnClicked@CButtonST@@IAEHXZ 00402190 f   BtnST.obj
 0001:00001310       ?DrawItem@CButtonST@@UAEXPAUtagDRAWITEMSTRUCT@@@Z 00402310 f   BtnST.obj
 0001:00001520       ?PaintBk@CButtonST@@AAEXPAVCDC@@@Z 00402520 f   BtnST.obj
 0001:000016c0       ?PrepareImageRect@CButtonST@@AAEXHPAUtagRECT@@PAVCRect@@HKK1@Z 004026c0 f   BtnST.obj
 0001:00001800       ?DrawTheIcon@CButtonST@@EAEXPAVCDC@@HPAUtagRECT@@PAVCRect@@HH@Z 00402800 f   BtnST.obj
 0001:000018d0       ?DrawTheBitmap@CButtonST@@EAEXPAVCDC@@HPAUtagRECT@@PAVCRect@@HH@Z 004028d0 f   BtnST.obj
 0001:00001b40       ?DrawTheText@CButtonST@@EAEXPAVCDC@@PBDPAUtagRECT@@PAVCRect@@HH@Z 00402b40 f   BtnST.obj
 0001:00001cb0       ?SetPressedStyle@CButtonST@@QAEKEH@Z 00402cb0 f   BtnST.obj
 0001:00001d00       ?SetCheck@CButtonST@@QAEKHH@Z 00402d00 f   BtnST.obj
 0001:00001d40       ?GetCheck@CButtonST@@QAEHXZ 00402d40 f   BtnST.obj
 0001:00001d50       ?SetDefaultColors@CButtonST@@QAEKH@Z 00402d50 f   BtnST.obj
 0001:00001dc0       ?SetColor@CButtonST@@QAEKEKH@Z 00402dc0 f   BtnST.obj
 0001:00001e00       ?InitToolTip@CButtonST@@AAEXXZ 00402e00 f   BtnST.obj
 0001:00001e60       ??1CObject@@UAE@XZ         00402e60 f i BtnST.obj
 0001:00001e70       ?SetURL@CButtonST@@QAEKPBD@Z 00402e70 f   BtnST.obj
 0001:00001ea0       ?OnDrawBackground@CButtonST@@MAEKPAVCDC@@PAVCRect@@@Z 00402ea0 f   BtnST.obj
 0001:00001f90       ?OnDrawBorder@CButtonST@@MAEKPAVCDC@@PAVCRect@@@Z 00402f90 f   BtnST.obj
 0001:00002290       ??_ECGdiObject@@UAEPAXI@Z  00403290 f i BtnST.obj
 0001:00002290       ??_GCGdiObject@@UAEPAXI@Z  00403290 f i BtnST.obj
 0001:000022b0       ??1CGdiObject@@UAE@XZ      004032b0 f i BtnST.obj
 0001:000022f0       ??1CPen@@UAE@XZ            004032f0 f i BtnST.obj
 0001:00002330       ??_GCBitmap@@UAEPAXI@Z     00403330 f i BtnST.obj
 0001:00002330       ??_ECBitmap@@UAEPAXI@Z     00403330 f i BtnST.obj
 0001:00002350       ??1CBitmap@@UAE@XZ         00403350 f i BtnST.obj
 0001:00002390       ??_GCButton@@UAEPAXI@Z     00403390 f i BtnST.obj
 0001:00002390       ??_ECButton@@UAEPAXI@Z     00403390 f i BtnST.obj
 0001:000023b0       ??0CBuffer@@QAE@XZ         004033b0 f   Buffer.obj
 0001:000023d0       ??_ECBuffer@@UAEPAXI@Z     004033d0 f i Buffer.obj
 0001:000023d0       ??_GCBuffer@@UAEPAXI@Z     004033d0 f i Buffer.obj
 0001:000023f0       ??1CBuffer@@UAE@XZ         004033f0 f   Buffer.obj
 0001:00002410       ?Write@CBuffer@@QAEHPAEI@Z 00403410 f   Buffer.obj
 0001:00002460       ?Read@CBuffer@@QAEIPAEI@Z  00403460 f   Buffer.obj
 0001:000024f0       ?GetMemSize@CBuffer@@IAEIXZ 004034f0 f   Buffer.obj
 0001:00002500       ?GetBufferLen@CBuffer@@QAEIXZ 00403500 f   Buffer.obj
 0001:00002510       ?ReAllocateBuffer@CBuffer@@IAEII@Z 00403510 f   Buffer.obj
 0001:000025d0       ?DeAllocateBuffer@CBuffer@@IAEII@Z 004035d0 f   Buffer.obj
 0001:000026a0       ?ClearBuffer@CBuffer@@QAEXXZ 004036a0 f   Buffer.obj
 0001:000026c0       ?GetBuffer@CBuffer@@QAEPAEI@Z 004036c0 f   Buffer.obj
 0001:000026d0       ?Delete@CBuffer@@QAEII@Z   004036d0 f   Buffer.obj
 0001:00002740       ?CreateObject@CBuildView@@SGPAVCObject@@XZ 00403740 f   BuildView.obj
 0001:000027a0       ?GetRuntimeClass@CBuildView@@UBEPAUCRuntimeClass@@XZ 004037a0 f   BuildView.obj
 0001:000027b0       ??0CBuildView@@QAE@XZ      004037b0 f   BuildView.obj
 0001:000028e0       ??_ECBuildView@@UAEPAXI@Z  004038e0 f i BuildView.obj
 0001:000028e0       ??_GCBuildView@@UAEPAXI@Z  004038e0 f i BuildView.obj
 0001:00002900       ??1CFormView@@UAE@XZ       00403900 f i BuildView.obj
 0001:00002910       ??1CBuildView@@UAE@XZ      00403910 f   BuildView.obj
 0001:000029c0       ?DoDataExchange@CBuildView@@MAEXPAVCDataExchange@@@Z 004039c0 f   BuildView.obj
 0001:00002a30       ?GetMessageMap@CBuildView@@MBEPBUAFX_MSGMAP@@XZ 00403a30 f   BuildView.obj
 0001:00002a40       ?OnBuild@CBuildView@@IAEXXZ 00403a40 f   BuildView.obj
 0001:00002e70       ??1CFileDialog@@UAE@XZ     00403e70 f i BuildView.obj
 0001:00002ec0       ?OnActivateView@CBuildView@@MAEXHPAVCView@@0@Z 00403ec0 f   BuildView.obj
 0001:00003170       ?OnEnableHttp@CBuildView@@IAEXXZ 00404170 f   BuildView.obj
 0001:000031c0       ??3CObject@@SGXPAX@Z       004041c0 f i BuildView.obj
 0001:000031d0       ?AfxGetApp@@YGPAVCWinApp@@XZ 004041d0 f i BuildView.obj
 0001:000031e0       ??1CAboutDlg@@UAE@XZ       004041e0 f i BuildView.obj
 0001:000031e0       ??1CCommonDialog@@UAE@XZ   004041e0 f i BuildView.obj
 0001:000031f0       ??0CCpuUsage@@QAE@XZ       004041f0 f   CpuUsage.obj
 0001:00003210       ??_ECCpuUsage@@UAEPAXI@Z   00404210 f i CpuUsage.obj
 0001:00003210       ??_GCCpuUsage@@UAEPAXI@Z   00404210 f i CpuUsage.obj
 0001:00003230       ??1CCpuUsage@@UAE@XZ       00404230 f   CpuUsage.obj
 0001:00003250       ?Init@CCpuUsage@@QAEHXZ    00404250 f   CpuUsage.obj
 0001:000032a0       ?GetUsage@CCpuUsage@@QAEHXZ 004042a0 f   CpuUsage.obj
 0001:000032e0       ??0CCustomTabCtrlItem@@AAE@VCString@@J@Z 004042e0 f   CustomTabCtrl.obj
 0001:00003350       ?ComputeRgn@CCustomTabCtrlItem@@AAEXH@Z 00404350 f   CustomTabCtrl.obj
 0001:000033a0       ?GetRegionPoints@CCustomTabCtrlItem@@ABEXABVCRect@@PAVCPoint@@H@Z 004043a0 f   CustomTabCtrl.obj
 0001:000038a0       ?GetDrawPoints@CCustomTabCtrlItem@@ABEXABVCRect@@PAVCPoint@@H@Z 004048a0 f   CustomTabCtrl.obj
 0001:000039e0       ?Draw@CCustomTabCtrlItem@@AAEXAAVCDC@@AAVCFont@@HH@Z 004049e0 f   CustomTabCtrl.obj
 0001:00003d40       ??0CCustomTabCtrl@@QAE@XZ  00404d40 f   CustomTabCtrl.obj
 0001:00003e60       ??_GCCustomTabCtrl@@UAEPAXI@Z 00404e60 f i CustomTabCtrl.obj
 0001:00003e60       ??_ECCustomTabCtrl@@UAEPAXI@Z 00404e60 f i CustomTabCtrl.obj
 0001:00003e80       ?RegisterWindowClass@CCustomTabCtrl@@AAEHXZ 00404e80 f   CustomTabCtrl.obj
 0001:00003f20       ??1CCustomTabCtrl@@UAE@XZ  00404f20 f   CustomTabCtrl.obj
 0001:000040a0       ?GetMessageMap@CCustomTabCtrl@@MBEPBUAFX_MSGMAP@@XZ 004050a0 f   CustomTabCtrl.obj
 0001:000040b0       ?Create@CCustomTabCtrl@@QAEHIABVCRect@@PAVCWnd@@I@Z 004050b0 f   CustomTabCtrl.obj
 0001:000040e0       ?OnEraseBkgnd@CCustomTabCtrl@@IAEHPAVCDC@@@Z 004050e0 f   CustomTabCtrl.obj
 0001:000040f0       ?OnPaint@CCustomTabCtrl@@IAEXXZ 004050f0 f   CustomTabCtrl.obj
 0001:00005200       ?OnSize@CCustomTabCtrl@@IAEXIHH@Z 00406200 f   CustomTabCtrl.obj
 0001:00005230       ?OnSizeParent@CCustomTabCtrl@@IAEJIJ@Z 00406230 f   CustomTabCtrl.obj
 0001:00005380       ?OnLButtonDown@CCustomTabCtrl@@IAEXIVCPoint@@@Z 00406380 f   CustomTabCtrl.obj
 0001:000053c0       ?OnLButtonDblClk@CCustomTabCtrl@@IAEXIVCPoint@@@Z 004063c0 f   CustomTabCtrl.obj
 0001:00005430       ?ProcessLButtonDown@CCustomTabCtrl@@AAEHHIVCPoint@@@Z 00406430 f   CustomTabCtrl.obj
 0001:00005630       ?NotifyParent@CCustomTabCtrl@@AAEHIHVCPoint@@@Z 00406630 f   CustomTabCtrl.obj
 0001:00005730       ?OnLButtonUp@CCustomTabCtrl@@IAEXIVCPoint@@@Z 00406730 f   CustomTabCtrl.obj
 0001:00005810       ?OnMouseMove@CCustomTabCtrl@@IAEXIVCPoint@@@Z 00406810 f   CustomTabCtrl.obj
 0001:00005b10       ?OnMouseLeave@CCustomTabCtrl@@IAEJIJ@Z 00406b10 f   CustomTabCtrl.obj
 0001:00005b80       ?OnUpdateEdit@CCustomTabCtrl@@IAEXXZ 00406b80 f   CustomTabCtrl.obj
 0001:00005bd0       ?OnThemeChanged@CCustomTabCtrl@@IAEJIJ@Z 00406bd0 f   CustomTabCtrl.obj
 0001:00006360       ?OnTimer@CCustomTabCtrl@@IAEXI@Z 00407360 f   CustomTabCtrl.obj
 0001:00006520       ?SetControlFont@CCustomTabCtrl@@QAEXABUtagLOGFONTA@@H@Z 00407520 f   CustomTabCtrl.obj
 0001:000065f0       ?InsertItem@CCustomTabCtrl@@QAEHHVCString@@J@Z 004075f0 f   CustomTabCtrl.obj
 0001:000068f0       ?MoveItem@CCustomTabCtrl@@AAEHHHH@Z 004078f0 f   CustomTabCtrl.obj
 0001:00006cc0       ?CopyItem@CCustomTabCtrl@@AAEHHHH@Z 00407cc0 f   CustomTabCtrl.obj
 0001:00006f30       ?DeleteItem@CCustomTabCtrl@@QAEHH@Z 00407f30 f   CustomTabCtrl.obj
 0001:00007130       ?DeleteAllItems@CCustomTabCtrl@@QAEXXZ 00408130 f   CustomTabCtrl.obj
 0001:000071f0       ??1CCustomTabCtrlItem@@QAE@XZ 004081f0 f i CustomTabCtrl.obj
 0001:00007250       ?SetCurSel@CCustomTabCtrl@@QAEHH@Z 00408250 f   CustomTabCtrl.obj
 0001:00007270       ?SetItemTooltipText@CCustomTabCtrl@@QAEHHVCString@@@Z 00408270 f   CustomTabCtrl.obj
 0001:000073e0       ?GetItemData@CCustomTabCtrl@@QAEHHAAK@Z 004083e0 f   CustomTabCtrl.obj
 0001:00007410       ?HitTest@CCustomTabCtrl@@QAEHVCPoint@@@Z 00408410 f   CustomTabCtrl.obj
 0001:000078a0       ??0CGdiObject@@QAE@XZ      004088a0 f i CustomTabCtrl.obj
 0001:000078b0       ?HighlightItem@CCustomTabCtrl@@AAEHHHH@Z 004088b0 f   CustomTabCtrl.obj
 0001:000079c0       ?SetCurSel@CCustomTabCtrl@@AAEHHHH@Z 004089c0 f   CustomTabCtrl.obj
 0001:00007a60       ??1CBrush@@UAE@XZ          00408a60 f i CustomTabCtrl.obj
 0001:00007aa0       ?RecalcLayout@CCustomTabCtrl@@AAEXHH@Z 00408aa0 f   CustomTabCtrl.obj
 0001:00008870       ??_GCFont@@UAEPAXI@Z       00409870 f i CustomTabCtrl.obj
 0001:00008870       ??_ECFont@@UAEPAXI@Z       00409870 f i CustomTabCtrl.obj
 0001:00008890       ??1CFont@@UAE@XZ           00409890 f i CustomTabCtrl.obj
 0001:000088d0       ??_GCRgn@@UAEPAXI@Z        004098d0 f i CustomTabCtrl.obj
 0001:000088d0       ??_ECRgn@@UAEPAXI@Z        004098d0 f i CustomTabCtrl.obj
 0001:000088f0       ??1CRgn@@UAE@XZ            004098f0 f i CustomTabCtrl.obj
 0001:00008930       ?RecalcEditResized@CCustomTabCtrl@@AAEXHH@Z 00409930 f   CustomTabCtrl.obj
 0001:00008b40       ?RecalcOffset@CCustomTabCtrl@@AAEXH@Z 00409b40 f   CustomTabCtrl.obj
 0001:00008ea0       ?RecalcRectangles@CCustomTabCtrl@@AAEHXZ 00409ea0 f   CustomTabCtrl.obj
 0001:000092e0       ?PreTranslateMessage@CCustomTabCtrl@@MAEHPAUtagMSG@@@Z 0040a2e0 f   CustomTabCtrl.obj
 0001:00009340       ?DrawBk@CCustomTabCtrl@@AAEXAAVCDC@@AAVCRect@@PAUHBITMAP__@@HAAU_MY_MARGINS@@H@Z 0040a340 f   CustomTabCtrl.obj
 0001:00009c90       ?DrawGlyph@CCustomTabCtrl@@AAEXAAVCDC@@AAVCPoint@@HH@Z 0040ac90 f   CustomTabCtrl.obj
 0001:00009ef0       ?ModifyStyle@CCustomTabCtrl@@QAEHKKI@Z 0040aef0 f   CustomTabCtrl.obj
 0001:00009fb0       ?PreSubclassWindow@CCustomTabCtrl@@MAEXXZ 0040afb0 f   CustomTabCtrl.obj
 0001:00009ff0       ?SetDragCursors@CCustomTabCtrl@@QAEXPAUHICON__@@0@Z 0040aff0 f   CustomTabCtrl.obj
 0001:0000a040       ?OnRButtonDown@CCustomTabCtrl@@IAEXIVCPoint@@@Z 0040b040 f   CustomTabCtrl.obj
 0001:0000a070       ?OnRButtonDblClk@CCustomTabCtrl@@IAEXIVCPoint@@@Z 0040b070 f   CustomTabCtrl.obj
 0001:0000a0a0       ?EditLabel@CCustomTabCtrl@@AAEHHH@Z 0040b0a0 f   CustomTabCtrl.obj
 0001:0000a560       ??1?$CArray@PAVCCustomTabCtrlItem@@PAV1@@@UAE@XZ 0040b560 f i CustomTabCtrl.obj
 0001:0000a5b0       ?Serialize@?$CArray@PAVCCustomTabCtrlItem@@PAV1@@@UAEXAAVCArchive@@@Z 0040b5b0 f i CustomTabCtrl.obj
 0001:0000a740       ??_E?$CArray@PAVCCustomTabCtrlItem@@PAV1@@@UAEPAXI@Z 0040b740 f i CustomTabCtrl.obj
 0001:0000a740       ??_G?$CArray@PAVCCustomTabCtrlItem@@PAV1@@@UAEPAXI@Z 0040b740 f i CustomTabCtrl.obj
 0001:0000a760       ?SetSize@?$CArray@PAVCCustomTabCtrlItem@@PAV1@@@QAEXHH@Z 0040b760 f i CustomTabCtrl.obj
 0001:0000a8a0       ??_GCEdit@@UAEPAXI@Z       0040b8a0 f i CustomTabCtrl.obj
 0001:0000a8a0       ??_ECEdit@@UAEPAXI@Z       0040b8a0 f i CustomTabCtrl.obj
 0001:0000a8c0       ??0CFileManagerDlg@@QAE@PAVCWnd@@PAVCIOCPServer@@PAUClientContext@@@Z 0040b8c0 f   FileManagerDlg.obj
 0001:0000abd0       ??_GCFileManagerDlg@@UAEPAXI@Z 0040bbd0 f i FileManagerDlg.obj
 0001:0000abd0       ??_ECFileManagerDlg@@UAEPAXI@Z 0040bbd0 f i FileManagerDlg.obj
 0001:0000abf0       ??1CFileManagerDlg@@UAE@XZ 0040bbf0 f i FileManagerDlg.obj
 0001:0000ade0       ?DoDataExchange@CFileManagerDlg@@MAEXPAVCDataExchange@@@Z 0040bde0 f   FileManagerDlg.obj
 0001:0000ae40       ?GetMessageMap@CFileManagerDlg@@MBEPBUAFX_MSGMAP@@XZ 0040be40 f   FileManagerDlg.obj
 0001:0000ae50       ?GetIconIndex@@YAHPBDK@Z   0040be50 f   FileManagerDlg.obj
 0001:0000aea0       ?OnInitDialog@CFileManagerDlg@@MAEHXZ 0040bea0 f   FileManagerDlg.obj
 0001:0000b280       ?OnSize@CFileManagerDlg@@IAEXIHH@Z 0040c280 f   FileManagerDlg.obj
 0001:0000b3f0       ?FixedLocalDriveList@CFileManagerDlg@@QAEXXZ 0040c3f0 f   FileManagerDlg.obj
 0001:0000b710       ?OnDblclkListLocal@CFileManagerDlg@@IAEXPAUtagNMHDR@@PAJ@Z 0040c710 f   FileManagerDlg.obj
 0001:0000b780       ?FixedLocalFileList@CFileManagerDlg@@QAEXVCString@@@Z 0040c780 f   FileManagerDlg.obj
 0001:0000bcf0       ?DropItemOnList@CFileManagerDlg@@IAEXPAVCListCtrl@@0@Z 0040ccf0 f   FileManagerDlg.obj
 0001:0000bd60       ?OnQueryDragIcon@CFileManagerDlg@@IAEPAUHICON__@@XZ 0040cd60 f   FileManagerDlg.obj
 0001:0000bd70       ?OnBegindragListLocal@CFileManagerDlg@@IAEXPAUtagNMHDR@@PAJ@Z 0040cd70 f   FileManagerDlg.obj
 0001:0000be50       ?OnBegindragListRemote@CFileManagerDlg@@IAEXPAUtagNMHDR@@PAJ@Z 0040ce50 f   FileManagerDlg.obj
 0001:0000bf30       ?OnMouseMove@CFileManagerDlg@@IAEXIVCPoint@@@Z 0040cf30 f   FileManagerDlg.obj
 0001:0000c0c0       ?OnLButtonUp@CFileManagerDlg@@IAEXIVCPoint@@@Z 0040d0c0 f   FileManagerDlg.obj
 0001:0000c150       ?PreTranslateMessage@CFileManagerDlg@@UAEHPAUtagMSG@@@Z 0040d150 f   FileManagerDlg.obj
 0001:0000c2c0       ?OnTimer@CFileManagerDlg@@IAEXI@Z 0040d2c0 f   FileManagerDlg.obj
 0001:0000c2f0       ?FixedRemoteDriveList@CFileManagerDlg@@QAEXXZ 0040d2f0 f   FileManagerDlg.obj
 0001:0000c5f0       ?OnClose@CFileManagerDlg@@IAEXXZ 0040d5f0 f   FileManagerDlg.obj
 0001:0000c620       ?GetParentDirectory@CFileManagerDlg@@QAE?AVCString@@V2@@Z 0040d620 f   FileManagerDlg.obj
 0001:0000c780       ?OnReceiveComplete@CFileManagerDlg@@QAEXXZ 0040d780 f   FileManagerDlg.obj
 0001:0000c870       ?GetRemoteFileList@CFileManagerDlg@@QAEXVCString@@@Z 0040d870 f   FileManagerDlg.obj
 0001:0000cab0       ?OnDblclkListRemote@CFileManagerDlg@@IAEXPAUtagNMHDR@@PAJ@Z 0040dab0 f   FileManagerDlg.obj
 0001:0000cb20       ?FixedRemoteFileList@CFileManagerDlg@@QAEXPAEK@Z 0040db20 f   FileManagerDlg.obj
 0001:0000ceb0       ?ShowMessage@CFileManagerDlg@@QAAXPADZZ 0040deb0 f   FileManagerDlg.obj
 0001:0000cf10       ?OnLocalPrev@CFileManagerDlg@@IAEXXZ 0040df10 f   FileManagerDlg.obj
 0001:0000cf30       ?OnRemotePrev@CFileManagerDlg@@IAEXXZ 0040df30 f   FileManagerDlg.obj
 0001:0000cf50       ?OnLocalList@CFileManagerDlg@@IAEXXZ 0040df50 f   FileManagerDlg.obj
 0001:0000cf70       ?OnLocalReport@CFileManagerDlg@@IAEXXZ 0040df70 f   FileManagerDlg.obj
 0001:0000cf90       ?OnLocalBigicon@CFileManagerDlg@@IAEXXZ 0040df90 f   FileManagerDlg.obj
 0001:0000cf90       ?OnLocalView@CFileManagerDlg@@IAEXXZ 0040df90 f   FileManagerDlg.obj
 0001:0000cfb0       ?OnLocalSmallicon@CFileManagerDlg@@IAEXXZ 0040dfb0 f   FileManagerDlg.obj
 0001:0000cfd0       ?OnRemoteList@CFileManagerDlg@@IAEXXZ 0040dfd0 f   FileManagerDlg.obj
 0001:0000cff0       ?OnRemoteReport@CFileManagerDlg@@IAEXXZ 0040dff0 f   FileManagerDlg.obj
 0001:0000d010       ?OnRemoteSmallicon@CFileManagerDlg@@IAEXXZ 0040e010 f   FileManagerDlg.obj
 0001:0000d030       ?OnRemoteView@CFileManagerDlg@@IAEXXZ 0040e030 f   FileManagerDlg.obj
 0001:0000d030       ?OnRemoteBigicon@CFileManagerDlg@@IAEXXZ 0040e030 f   FileManagerDlg.obj
 0001:0000d050       ?OnUpdateLocalPrev@CFileManagerDlg@@IAEXPAVCCmdUI@@@Z 0040e050 f   FileManagerDlg.obj
 0001:0000d050       ?OnUpdateLocalNewfolder@CFileManagerDlg@@IAEXPAVCCmdUI@@@Z 0040e050 f   FileManagerDlg.obj
 0001:0000d090       ?OnUpdateLocalDelete@CFileManagerDlg@@IAEXPAVCCmdUI@@@Z 0040e090 f   FileManagerDlg.obj
 0001:0000d0f0       ?OnUpdateLocalCopy@CFileManagerDlg@@IAEXPAVCCmdUI@@@Z 0040e0f0 f   FileManagerDlg.obj
 0001:0000d170       ?OnUpdateLocalStop@CFileManagerDlg@@IAEXPAVCCmdUI@@@Z 0040e170 f   FileManagerDlg.obj
 0001:0000d1b0       ?OnUpdateRemotePrev@CFileManagerDlg@@IAEXPAVCCmdUI@@@Z 0040e1b0 f   FileManagerDlg.obj
 0001:0000d1b0       ?OnUpdateRemoteNewfolder@CFileManagerDlg@@IAEXPAVCCmdUI@@@Z 0040e1b0 f   FileManagerDlg.obj
 0001:0000d1f0       ?OnUpdateRemoteCopy@CFileManagerDlg@@IAEXPAVCCmdUI@@@Z 0040e1f0 f   FileManagerDlg.obj
 0001:0000d270       ?OnUpdateRemoteDelete@CFileManagerDlg@@IAEXPAVCCmdUI@@@Z 0040e270 f   FileManagerDlg.obj
 0001:0000d2d0       ?OnUpdateRemoteStop@CFileManagerDlg@@IAEXPAVCCmdUI@@@Z 0040e2d0 f   FileManagerDlg.obj
 0001:0000d310       ?FixedUploadDirectory@CFileManagerDlg@@QAE_NPBD@Z 0040e310 f   FileManagerDlg.obj
 0001:0000d510       ?EnableControl@CFileManagerDlg@@AAEXH@Z 0040e510 f   FileManagerDlg.obj
 0001:0000d550       ?OnLocalCopy@CFileManagerDlg@@IAEXXZ 0040e550 f   FileManagerDlg.obj
 0001:0000d7d0       ?OnRemoteCopy@CFileManagerDlg@@IAEXXZ 0040e7d0 f   FileManagerDlg.obj
 0001:0000da00       ?SendDownloadJob@CFileManagerDlg@@QAEHXZ 0040ea00 f   FileManagerDlg.obj
 0001:0000db00       ?SendUploadJob@CFileManagerDlg@@QAEHXZ 0040eb00 f   FileManagerDlg.obj
 0001:0000dd90       ?SendDeleteJob@CFileManagerDlg@@QAEHXZ 0040ed90 f   FileManagerDlg.obj
 0001:0000dec0       ?CreateLocalRecvFile@CFileManagerDlg@@QAEXXZ 0040eec0 f   FileManagerDlg.obj
 0001:0000e2f0       ??1CFileTransferModeDlg@@UAE@XZ 0040f2f0 f i FileManagerDlg.obj
 0001:0000e340       ?WriteLocalRecvFile@CFileManagerDlg@@QAEXXZ 0040f340 f   FileManagerDlg.obj
 0001:0000e4c0       ?EndLocalRecvFile@CFileManagerDlg@@QAEXXZ 0040f4c0 f   FileManagerDlg.obj
 0001:0000e590       ?EndLocalUploadFile@CFileManagerDlg@@AAEXXZ 0040f590 f   FileManagerDlg.obj
 0001:0000e660       ?EndRemoteDeleteFile@CFileManagerDlg@@QAEXXZ 0040f660 f   FileManagerDlg.obj
 0001:0000e6d0       ?SendException@CFileManagerDlg@@QAEXXZ 0040f6d0 f   FileManagerDlg.obj
 0001:0000e700       ?SendStop@CFileManagerDlg@@QAEXXZ 0040f700 f   FileManagerDlg.obj
 0001:0000e730       ?ShowProgress@CFileManagerDlg@@QAEXXZ 0040f730 f   FileManagerDlg.obj
 0001:0000e820       ?OnLocalDelete@CFileManagerDlg@@IAEXXZ 0040f820 f   FileManagerDlg.obj
 0001:0000ea40       ?OnRemoteDelete@CFileManagerDlg@@IAEXXZ 0040fa40 f   FileManagerDlg.obj
 0001:0000ed10       ?OnLocalStop@CFileManagerDlg@@IAEXXZ 0040fd10 f   FileManagerDlg.obj
 0001:0000ed10       ?OnRemoteStop@CFileManagerDlg@@IAEXXZ 0040fd10 f   FileManagerDlg.obj
 0001:0000ed20       ?SendTransferMode@CFileManagerDlg@@AAEXXZ 0040fd20 f   FileManagerDlg.obj
 0001:0000ee40       ?SendFileData@CFileManagerDlg@@AAEXXZ 0040fe40 f   FileManagerDlg.obj
 0001:0000ef70       ?DeleteDirectory@CFileManagerDlg@@AAE_NPBD@Z 0040ff70 f   FileManagerDlg.obj
 0001:0000f050       ?OnLocalNewfolder@CFileManagerDlg@@IAEXXZ 00410050 f   FileManagerDlg.obj
 0001:0000f1e0       ??1CInputDialog@@UAE@XZ    004101e0 f i FileManagerDlg.obj
 0001:0000f240       ?DoDataExchange@CInputDialog@@MAEXPAVCDataExchange@@@Z 00410240 f i FileManagerDlg.obj
 0001:0000f260       ??_GCInputDialog@@UAEPAXI@Z 00410260 f i FileManagerDlg.obj
 0001:0000f260       ??_ECInputDialog@@UAEPAXI@Z 00410260 f i FileManagerDlg.obj
 0001:0000f280       ?OnRemoteNewfolder@CFileManagerDlg@@IAEXXZ 00410280 f   FileManagerDlg.obj
 0001:0000f450       ?OnTransfer@CFileManagerDlg@@IAEXXZ 00410450 f   FileManagerDlg.obj
 0001:0000f490       ?OnRename@CFileManagerDlg@@IAEXXZ 00410490 f   FileManagerDlg.obj
 0001:0000f520       ?OnEndlabeleditListLocal@CFileManagerDlg@@IAEXPAUtagNMHDR@@PAJ@Z 00410520 f   FileManagerDlg.obj
 0001:0000f670       ?OnEndlabeleditListRemote@CFileManagerDlg@@IAEXPAUtagNMHDR@@PAJ@Z 00410670 f   FileManagerDlg.obj
 0001:0000f870       ?OnDelete@CFileManagerDlg@@IAEXXZ 00410870 f   FileManagerDlg.obj
 0001:0000f8b0       ?OnNewfolder@CFileManagerDlg@@IAEXXZ 004108b0 f   FileManagerDlg.obj
 0001:0000f8f0       ?OnRefresh@CFileManagerDlg@@IAEXXZ 004108f0 f   FileManagerDlg.obj
 0001:0000f960       ?OnLocalOpen@CFileManagerDlg@@IAEXXZ 00410960 f   FileManagerDlg.obj
 0001:0000fa30       ?OnRemoteOpenShow@CFileManagerDlg@@IAEXXZ 00410a30 f   FileManagerDlg.obj
 0001:0000fb50       ?OnRemoteOpenHide@CFileManagerDlg@@IAEXXZ 00410b50 f   FileManagerDlg.obj
 0001:0000fc70       ?OnRclickListLocal@CFileManagerDlg@@IAEXPAUtagNMHDR@@PAJ@Z 00410c70 f   FileManagerDlg.obj
 0001:0000fe20       ?OnRclickListRemote@CFileManagerDlg@@IAEXPAUtagNMHDR@@PAJ@Z 00410e20 f   FileManagerDlg.obj
 0001:0000ffd0       ?MakeSureDirectoryPathExists@CFileManagerDlg@@AAE_NPBD@Z 00410fd0 f   FileManagerDlg.obj
 0001:00010150       ?RemoveHead@?$CList@VCString@@AAV1@@@QAE?AVCString@@XZ 00411150 f i FileManagerDlg.obj
 0001:00010230       ??1?$CList@VCString@@AAV1@@@UAE@XZ 00411230 f i FileManagerDlg.obj
 0001:000102a0       ?Serialize@?$CList@VCString@@AAV1@@@UAEXAAVCArchive@@@Z 004112a0 f i FileManagerDlg.obj
 0001:000103f0       ??_E?$CList@VCString@@AAV1@@@UAEPAXI@Z 004113f0 f i FileManagerDlg.obj
 0001:000103f0       ??_G?$CList@VCString@@AAV1@@@UAEPAXI@Z 004113f0 f i FileManagerDlg.obj
 0001:00010410       ??_GCMenu@@UAEPAXI@Z       00411410 f i FileManagerDlg.obj
 0001:00010410       ??_ECMenu@@UAEPAXI@Z       00411410 f i FileManagerDlg.obj
 0001:00010430       ??1CMenu@@UAE@XZ           00411430 f i FileManagerDlg.obj
 0001:00010470       ??_GCComboBox@@UAEPAXI@Z   00411470 f i FileManagerDlg.obj
 0001:00010470       ??_ECComboBox@@UAEPAXI@Z   00411470 f i FileManagerDlg.obj
 0001:00010490       ??_ECListCtrl@@UAEPAXI@Z   00411490 f i FileManagerDlg.obj
 0001:00010490       ??_GCListCtrl@@UAEPAXI@Z   00411490 f i FileManagerDlg.obj
 0001:000104b0       ??_ECProgressCtrl@@UAEPAXI@Z 004114b0 f i FileManagerDlg.obj
 0001:000104b0       ??_GCProgressCtrl@@UAEPAXI@Z 004114b0 f i FileManagerDlg.obj
 0001:000104d0       ??0CFileTransferModeDlg@@QAE@PAVCWnd@@@Z 004114d0 f   FileTransferModeDlg.obj
 0001:00010500       ??_GCFileTransferModeDlg@@UAEPAXI@Z 00411500 f i FileTransferModeDlg.obj
 0001:00010500       ??_ECFileTransferModeDlg@@UAEPAXI@Z 00411500 f i FileTransferModeDlg.obj
 0001:00010520       ?GetMessageMap@CFileTransferModeDlg@@MBEPBUAFX_MSGMAP@@XZ 00411520 f   FileTransferModeDlg.obj
 0001:00010530       ?OnEndDialog@CFileTransferModeDlg@@IAEXI@Z 00411530 f   FileTransferModeDlg.obj
 0001:00010540       ?OnInitDialog@CFileTransferModeDlg@@MAEHXZ 00411540 f   FileTransferModeDlg.obj
 0001:000105e0       ?dbg_dump@@YAXPAU_EXCEPTION_POINTERS@@@Z 004115e0 f   gh0st.obj
 0001:00010680       ?bad_exception@@YGJPAU_EXCEPTION_POINTERS@@@Z 00411680 f   gh0st.obj
 0001:000106a0       ?GetMessageMap@CGh0stApp@@MBEPBUAFX_MSGMAP@@XZ 004116a0 f   gh0st.obj
 0001:000106b0       ??0CGh0stApp@@QAE@XZ       004116b0 f   gh0st.obj
 0001:000107b0       ??_ECGh0stApp@@UAEPAXI@Z   004117b0 f i gh0st.obj
 0001:000107b0       ??_GCGh0stApp@@UAEPAXI@Z   004117b0 f i gh0st.obj
 0001:000107d0       ??1CGh0stApp@@UAE@XZ       004117d0 f i gh0st.obj
 0001:00010860       ?InitInstance@CGh0stApp@@UAEHXZ 00411860 f   gh0st.obj
 0001:00010a50       ??0CAboutDlg@@QAE@XZ       00411a50 f   gh0st.obj
 0001:00010a70       ??_ECAboutDlg@@UAEPAXI@Z   00411a70 f i gh0st.obj
 0001:00010a70       ??_GCAboutDlg@@UAEPAXI@Z   00411a70 f i gh0st.obj
 0001:00010a90       ?GetMessageMap@CAboutDlg@@MBEPBUAFX_MSGMAP@@XZ 00411a90 f   gh0st.obj
 0001:00010aa0       ?OnAppAbout@CGh0stApp@@QAEXXZ 00411aa0 f   gh0st.obj
 0001:00010b00       ?CreateObject@CGh0stDoc@@SGPAVCObject@@XZ 00411b00 f   gh0stDoc.obj
 0001:00010b60       ?GetRuntimeClass@CGh0stDoc@@UBEPAUCRuntimeClass@@XZ 00411b60 f   gh0stDoc.obj
 0001:00010b70       ?GetMessageMap@CGh0stDoc@@MBEPBUAFX_MSGMAP@@XZ 00411b70 f   gh0stDoc.obj
 0001:00010b80       ??0CGh0stDoc@@IAE@XZ       00411b80 f   gh0stDoc.obj
 0001:00010ba0       ??_GCGh0stDoc@@UAEPAXI@Z   00411ba0 f i gh0stDoc.obj
 0001:00010ba0       ??_ECGh0stDoc@@UAEPAXI@Z   00411ba0 f i gh0stDoc.obj
 0001:00010bc0       ??1CGh0stDoc@@UAE@XZ       00411bc0 f   gh0stDoc.obj
 0001:00010bd0       ?Serialize@CGh0stDoc@@UAEXAAVCArchive@@@Z 00411bd0 f   gh0stDoc.obj
 0001:00010bd0       ?DoDataExchange@CWebCamDlg@@MAEXPAVCDataExchange@@@Z 00411bd0 f   gh0stDoc.obj
 0001:00010bd0       ?DoDataExchange@CScreenSpyDlg@@MAEXPAVCDataExchange@@@Z 00411bd0 f   gh0stDoc.obj
 0001:00010bd0       ?OnDraw@CGh0stView@@UAEXPAVCDC@@@Z 00411bd0 f   gh0stDoc.obj
 0001:00010bd0       ?DoDataExchange@CAboutDlg@@MAEXPAVCDataExchange@@@Z 00411bd0 f   gh0stDoc.obj
 0001:00010bd0       ?DoDataExchange@CFileTransferModeDlg@@MAEXPAVCDataExchange@@@Z 00411bd0 f   gh0stDoc.obj
 0001:00010be0       ?DeleteContents@CGh0stDoc@@UAEXXZ 00411be0 f   gh0stDoc.obj
 0001:00010c10       ?IsModified@CDocument@@UAEHXZ 00411c10 f i gh0stDoc.obj
 0001:00010c20       ?SetModifiedFlag@CDocument@@UAEXH@Z 00411c20 f i gh0stDoc.obj
 0001:00010c70       ?CreateObject@CGh0stView@@SGPAVCObject@@XZ 00411c70 f   gh0stView.obj
 0001:00010cd0       ?GetRuntimeClass@CGh0stView@@UBEPAUCRuntimeClass@@XZ 00411cd0 f   gh0stView.obj
 0001:00010ce0       ?GetMessageMap@CGh0stView@@MBEPBUAFX_MSGMAP@@XZ 00411ce0 f   gh0stView.obj
 0001:00010cf0       ??0CGh0stView@@IAE@XZ      00411cf0 f   gh0stView.obj
 0001:00010db0       ??_GCGh0stView@@UAEPAXI@Z  00411db0 f i gh0stView.obj
 0001:00010db0       ??_ECGh0stView@@UAEPAXI@Z  00411db0 f i gh0stView.obj
 0001:00010dd0       ??1CGh0stView@@UAE@XZ      00411dd0 f   gh0stView.obj
 0001:00010de0       ?PreCreateWindow@CGh0stView@@UAEHAAUtagCREATESTRUCTA@@@Z 00411de0 f   gh0stView.obj
 0001:00010e00       ?OnInitialUpdate@CGh0stView@@MAEXXZ 00411e00 f   gh0stView.obj
 0001:00010f50       ?OnMyInitialUpdate@CGh0stView@@AAEJIJ@Z 00411f50 f   gh0stView.obj
 0001:00011120       ?OnOpenManagerDialog@CGh0stView@@AAEJIJ@Z 00412120 f   gh0stView.obj
 0001:000111c0       ?OnOpenScreenSpyDialog@CGh0stView@@AAEJIJ@Z 004121c0 f   gh0stView.obj
 0001:00011260       ?OnOpenWebCamDialog@CGh0stView@@AAEJIJ@Z 00412260 f   gh0stView.obj
 0001:00011300       ?OnOpenAudioDialog@CGh0stView@@AAEJIJ@Z 00412300 f   gh0stView.obj
 0001:000113a0       ?OnOpenKeyBoardDialog@CGh0stView@@AAEJIJ@Z 004123a0 f   gh0stView.obj
 0001:00011440       ?OnOpenSystemDialog@CGh0stView@@AAEJIJ@Z 00412440 f   gh0stView.obj
 0001:000114e0       ?OnOpenShellDialog@CGh0stView@@AAEJIJ@Z 004124e0 f   gh0stView.obj
 0001:00011580       ?OnSize@CGh0stView@@IAEXIHH@Z 00412580 f   gh0stView.obj
 0001:00011600       ?OnRButtonDown@CGh0stView@@IAEXIVCPoint@@@Z 00412600 f   gh0stView.obj
 0001:00011760       ?OnAddToList@CGh0stView@@AAEJIJ@Z 00412760 f   gh0stView.obj
 0001:00011b40       ?OnRemoveFromList@CGh0stView@@AAEJIJ@Z 00412b40 f   gh0stView.obj
 0001:00011c20       ?SendSelectCommand@CGh0stView@@AAEXPAEI@Z 00412c20 f   gh0stView.obj
 0001:00011c90       ?OnFilemanager@CGh0stView@@IAEXXZ 00412c90 f   gh0stView.obj
 0001:00011cb0       ?OnScreenspy@CGh0stView@@IAEXXZ 00412cb0 f   gh0stView.obj
 0001:00011cd0       ?OnWebcam@CGh0stView@@IAEXXZ 00412cd0 f   gh0stView.obj
 0001:00011cf0       ?OnAudioListen@CGh0stView@@IAEXXZ 00412cf0 f   gh0stView.obj
 0001:00011d10       ?OnDownexec@CGh0stView@@IAEXXZ 00412d10 f   gh0stView.obj
 0001:00011f20       ?OnRemove@CGh0stView@@IAEXXZ 00412f20 f   gh0stView.obj
 0001:00011f50       ?OnKeyboard@CGh0stView@@IAEXXZ 00412f50 f   gh0stView.obj
 0001:00011f70       ?OnSystem@CGh0stView@@IAEXXZ 00412f70 f   gh0stView.obj
 0001:00011f90       ?OnRemoteshell@CGh0stView@@IAEXXZ 00412f90 f   gh0stView.obj
 0001:00011fb0       ?OnLogoff@CGh0stView@@IAEXXZ 00412fb0 f   gh0stView.obj
 0001:00011fd0       ?OnReboot@CGh0stView@@IAEXXZ 00412fd0 f   gh0stView.obj
 0001:00011ff0       ?OnShutdown@CGh0stView@@IAEXXZ 00412ff0 f   gh0stView.obj
 0001:00012010       ?OnSelectAll@CGh0stView@@IAEXXZ 00413010 f   gh0stView.obj
 0001:00012070       ?OnUnselectAll@CGh0stView@@IAEXXZ 00413070 f   gh0stView.obj
 0001:000120d0       ?OnOpenUrlHide@CGh0stView@@IAEXXZ 004130d0 f   gh0stView.obj
 0001:000122e0       ?OnOpenUrlShow@CGh0stView@@IAEXXZ 004132e0 f   gh0stView.obj
 0001:000124f0       ?OnCleanevent@CGh0stView@@IAEXXZ 004134f0 f   gh0stView.obj
 0001:00012510       ?OnRenameRemark@CGh0stView@@IAEXXZ 00413510 f   gh0stView.obj
 0001:000127b0       ?OnUpdateServer@CGh0stView@@IAEXXZ 004137b0 f   gh0stView.obj
 0001:000129c0       ?OnDisconnect@CGh0stView@@IAEXXZ 004139c0 f   gh0stView.obj
 0001:00012a20       ??0CHoverEdit@@QAE@XZ      00413a20 f   HoverEdit.obj
 0001:00012a40       ??_GCHoverEdit@@UAEPAXI@Z  00413a40 f i HoverEdit.obj
 0001:00012a40       ??_ECHoverEdit@@UAEPAXI@Z  00413a40 f i HoverEdit.obj
 0001:00012a60       ??1CHoverEdit@@UAE@XZ      00413a60 f   HoverEdit.obj
 0001:00012a70       ?GetMessageMap@CHoverEdit@@MBEPBUAFX_MSGMAP@@XZ 00413a70 f   HoverEdit.obj
 0001:00012a80       ?OnHoverLeave@CHoverEdit@@UAEXXZ 00413a80 f   HoverEdit.obj
 0001:00012a80       ?OnHoverEnter@CHoverEdit@@UAEXXZ 00413a80 f   HoverEdit.obj
 0001:00012aa0       ?OnNcPaint@CHoverEdit@@IAEXXZ 00413aa0 f   HoverEdit.obj
 0001:00012b50       ?WindowProc@?$CTrackControl@VCEdit@@@@MAEJIIJ@Z 00413b50 f i HoverEdit.obj
 0001:00012c10       ??_E?$CTrackControl@VCEdit@@@@UAEPAXI@Z 00413c10 f i HoverEdit.obj
 0001:00012c10       ??_G?$CTrackControl@VCEdit@@@@UAEPAXI@Z 00413c10 f i HoverEdit.obj
 0001:00012c30       ??1?$CTrackControl@VCEdit@@@@UAE@XZ 00413c30 f i HoverEdit.obj
 0001:00012c40       ??0CIniFile@@QAE@XZ        00413c40 f   IniFile.obj
 0001:00012d20       ??_GCIniFile@@UAEPAXI@Z    00413d20 f i IniFile.obj
 0001:00012d20       ??_ECIniFile@@UAEPAXI@Z    00413d20 f i IniFile.obj
 0001:00012d40       ??1CIniFile@@UAE@XZ        00413d40 f   IniFile.obj
 0001:00012d50       ?GetString@CIniFile@@QAE?AVCString@@V2@00@Z 00413d50 f   IniFile.obj
 0001:00012e20       ?GetInt@CIniFile@@QAEHVCString@@0H@Z 00413e20 f   IniFile.obj
 0001:00012e90       ?SetString@CIniFile@@QAEHVCString@@00@Z 00413e90 f   IniFile.obj
 0001:00012f10       ?SetInt@CIniFile@@QAEHVCString@@0H@Z 00413f10 f   IniFile.obj
 0001:00012fc0       ??0CDlgTemplateBuilder@@QAE@I@Z 00413fc0 f   InputDlg.obj
 0001:00012ff0       ??1CDlgTemplateBuilder@@QAE@XZ 00413ff0 f   InputDlg.obj
 0001:00013000       ?Begin@CDlgTemplateBuilder@@QAEPAUDLGTEMPLATE@@KABVCRect@@PBDK@Z 00414000 f   InputDlg.obj
 0001:00013080       ?AddItemTemplate@CDlgTemplateBuilder@@IAEXGKABVCRect@@GK@Z 00414080 f   InputDlg.obj
 0001:00013100       ?AddItem@CDlgTemplateBuilder@@QAEXGKABVCRect@@PBDGK@Z 00414100 f   InputDlg.obj
 0001:00013150       ?AddItem@CDlgTemplateBuilder@@QAEXGKABVCRect@@GGK@Z 00414150 f   InputDlg.obj
 0001:000131b0       ?AddText@CDlgTemplateBuilder@@QAEPAGPAGPBD@Z 004141b0 f   InputDlg.obj
 0001:00013220       ?Init@CInputDialog@@QAEHPBD0PAVCWnd@@G@Z 00414220 f   InputDlg.obj
 0001:000133f0       ?OnInitDialog@CInputDialog@@MAEHXZ 004143f0 f   InputDlg.obj
 0001:00013420       ?OnOK@CInputDialog@@MAEXXZ 00414420 f   InputDlg.obj
 0001:00013450       ??0CIOCPServer@@QAE@XZ     00414450 f   IOCPServer.obj
 0001:00013560       ??_ECIOCPServer@@UAEPAXI@Z 00414560 f i IOCPServer.obj
 0001:00013560       ??_GCIOCPServer@@UAEPAXI@Z 00414560 f i IOCPServer.obj
 0001:00013580       ??1CIOCPServer@@UAE@XZ     00414580 f   IOCPServer.obj
 0001:00013660       ?Initialize@CIOCPServer@@QAE_NP6GXPAXPAUClientContext@@I@ZPAVCMainFrame@@HH@Z 00414660 f   IOCPServer.obj
 0001:00013780       ?ListenThreadProc@CIOCPServer@@SGIPAX@Z 00414780 f   IOCPServer.obj
 0001:00013800       ?OnAccept@CIOCPServer@@IAEXXZ 00414800 f   IOCPServer.obj
 0001:00013a70       ?InitializeIOCP@CIOCPServer@@IAE_NXZ 00414a70 f   IOCPServer.obj
 0001:00013b60       ?ThreadPoolFunc@CIOCPServer@@SGIPAX@Z 00414b60 f   IOCPServer.obj
 0001:00013d30       ?Stop@CIOCPServer@@IAEXXZ  00414d30 f   IOCPServer.obj
 0001:00013d60       ?PostRecv@CIOCPServer@@QAEXPAUClientContext@@@Z 00414d60 f   IOCPServer.obj
 0001:00013de0       ?Send@CIOCPServer@@QAEXPAUClientContext@@PAEI@Z 00414de0 f   IOCPServer.obj
 0001:00013fa0       ?OnClientInitializing@CIOCPServer@@QAE_NPAUClientContext@@K@Z 00414fa0 f   IOCPServer.obj
 0001:00013fb0       ?OnClientReading@CIOCPServer@@QAE_NPAUClientContext@@K@Z 00414fb0 f   IOCPServer.obj
 0001:00014330       ?OnClientWriting@CIOCPServer@@QAE_NPAUClientContext@@K@Z 00415330 f   IOCPServer.obj
 0001:000144b0       ?CloseCompletionPort@CIOCPServer@@IAEXXZ 004154b0 f   IOCPServer.obj
 0001:00014530       ?AssociateSocketWithCompletionPort@CIOCPServer@@IAEHIPAXK@Z 00415530 f   IOCPServer.obj
 0001:00014560       ?RemoveStaleClient@CIOCPServer@@IAEXPAUClientContext@@H@Z 00415560 f   IOCPServer.obj
 0001:00014680       ?Shutdown@CIOCPServer@@QAEXXZ 00415680 f   IOCPServer.obj
 0001:00014730       ??1ClientContext@@QAE@XZ   00415730 f i IOCPServer.obj
 0001:000147a0       ?MoveToFreePool@CIOCPServer@@IAEXPAUClientContext@@@Z 004157a0 f   IOCPServer.obj
 0001:00014940       ?AllocateContext@CIOCPServer@@IAEPAUClientContext@@XZ 00415940 f   IOCPServer.obj
 0001:00014aa0       ?RemoveAll@?$CList@PAUClientContext@@PAU1@@@QAEXXZ 00415aa0 f i IOCPServer.obj
 0001:00014ad0       ??1?$CList@PAUClientContext@@PAU1@@@UAE@XZ 00415ad0 f i IOCPServer.obj
 0001:00014b30       ?Serialize@?$CList@PAUClientContext@@PAU1@@@UAEXAAVCArchive@@@Z 00415b30 f i IOCPServer.obj
 0001:00014c50       ??_E?$CList@PAUClientContext@@PAU1@@@UAEPAXI@Z 00415c50 f i IOCPServer.obj
 0001:00014c50       ??_G?$CList@PAUClientContext@@PAU1@@@UAEPAXI@Z 00415c50 f i IOCPServer.obj
 0001:00014c70       ?NewNode@?$CList@PAUClientContext@@PAU1@@@IAEPAUCNode@1@PAU21@0@Z 00415c70 f i IOCPServer.obj
 0001:00014ce0       ?ConstructElements@@YGXPAPAUClientContext@@H@Z 00415ce0 f i IOCPServer.obj
 0001:00014d00       ??1CLock@@QAE@XZ           00415d00 f i IOCPServer.obj
 0001:00014d50       ??0CKeyBoardDlg@@QAE@PAVCWnd@@PAVCIOCPServer@@PAUClientContext@@@Z 00415d50 f   KeyBoardDlg.obj
 0001:00014e80       ??_ECKeyBoardDlg@@UAEPAXI@Z 00415e80 f i KeyBoardDlg.obj
 0001:00014e80       ??_GCKeyBoardDlg@@UAEPAXI@Z 00415e80 f i KeyBoardDlg.obj
 0001:00014ea0       ??1CKeyBoardDlg@@UAE@XZ    00415ea0 f i KeyBoardDlg.obj
 0001:00014f00       ?DoDataExchange@CKeyBoardDlg@@MAEXPAVCDataExchange@@@Z 00415f00 f   KeyBoardDlg.obj
 0001:00014f00       ?DoDataExchange@CShellDlg@@MAEXPAVCDataExchange@@@Z 00415f00 f   KeyBoardDlg.obj
 0001:00014f20       ?GetMessageMap@CKeyBoardDlg@@MBEPBUAFX_MSGMAP@@XZ 00415f20 f   KeyBoardDlg.obj
 0001:00014f30       ?OnInitDialog@CKeyBoardDlg@@MAEHXZ 00415f30 f   KeyBoardDlg.obj
 0001:00015020       ?OnSysCommand@CKeyBoardDlg@@IAEXIJ@Z 00416020 f   KeyBoardDlg.obj
 0001:00015100       ?OnReceiveComplete@CKeyBoardDlg@@QAEXXZ 00416100 f   KeyBoardDlg.obj
 0001:00015130       ?SendException@CKeyBoardDlg@@AAEXXZ 00416130 f   KeyBoardDlg.obj
 0001:00015160       ?OnClose@CKeyBoardDlg@@IAEXXZ 00416160 f   KeyBoardDlg.obj
 0001:00015160       ?OnClose@CShellDlg@@IAEXXZ 00416160 f   KeyBoardDlg.obj
 0001:00015190       ?AddKeyBoardData@CKeyBoardDlg@@AAEXXZ 00416190 f   KeyBoardDlg.obj
 0001:00015200       ?OnSize@CKeyBoardDlg@@IAEXIHH@Z 00416200 f   KeyBoardDlg.obj
 0001:00015200       ?OnSize@CShellDlg@@IAEXIHH@Z 00416200 f   KeyBoardDlg.obj
 0001:00015220       ?PostNcDestroy@CScreenSpyDlg@@MAEXXZ 00416220 f   KeyBoardDlg.obj
 0001:00015220       ?PostNcDestroy@CFileManagerDlg@@MAEXXZ 00416220 f   KeyBoardDlg.obj
 0001:00015220       ?PostNcDestroy@CWebCamDlg@@MAEXXZ 00416220 f   KeyBoardDlg.obj
 0001:00015220       ?PostNcDestroy@CKeyBoardDlg@@MAEXXZ 00416220 f   KeyBoardDlg.obj
 0001:00015240       ?SaveRecord@CKeyBoardDlg@@AAE_NXZ 00416240 f   KeyBoardDlg.obj
 0001:00015460       ?UpdateTitle@CKeyBoardDlg@@AAEXXZ 00416460 f   KeyBoardDlg.obj
 0001:00015530       ?CreateObject@CMainFrame@@SGPAVCObject@@XZ 00416530 f   MainFrm.obj
 0001:00015590       ?GetRuntimeClass@CMainFrame@@UBEPAUCRuntimeClass@@XZ 00416590 f   MainFrm.obj
 0001:000155a0       ?GetMessageMap@CMainFrame@@MBEPBUAFX_MSGMAP@@XZ 004165a0 f   MainFrm.obj
 0001:000155b0       ??0CMainFrame@@IAE@XZ      004165b0 f   MainFrm.obj
 0001:00015620       ??_ECMainFrame@@UAEPAXI@Z  00416620 f i MainFrm.obj
 0001:00015620       ??_GCMainFrame@@UAEPAXI@Z  00416620 f i MainFrm.obj
 0001:00015640       ??1CMainFrame@@UAE@XZ      00416640 f   MainFrm.obj
 0001:000156b0       ?OnCreate@CMainFrame@@IAEHPAUtagCREATESTRUCTA@@@Z 004166b0 f   MainFrm.obj
 0001:000157f0       ?PreCreateWindow@CMainFrame@@UAEHAAUtagCREATESTRUCTA@@@Z 004167f0 f   MainFrm.obj
 0001:00015840       ?NotifyProc@CMainFrame@@SGXPAXPAUClientContext@@I@Z 00416840 f   MainFrm.obj
 0001:00015980       ?Activate@CMainFrame@@QAEXII@Z 00416980 f   MainFrm.obj
 0001:00015b70       ?ProcessReceiveComplete@CMainFrame@@SAXPAUClientContext@@@Z 00416b70 f   MainFrm.obj
 0001:00015dc0       ?ProcessReceive@CMainFrame@@SAXPAUClientContext@@@Z 00416dc0 f   MainFrm.obj
 0001:00015df0       ?OnClose@CMainFrame@@IAEXXZ 00416df0 f   MainFrm.obj
 0001:00015e30       ?OnTrayNotification@CMainFrame@@IAEJIJ@Z 00416e30 f   MainFrm.obj
 0001:00015e70       ?OnSysCommand@CMainFrame@@IAEXIJ@Z 00416e70 f   MainFrm.obj
 0001:00015ee0       ?OnUpdateStatusBar@CMainFrame@@IAEXPAVCCmdUI@@@Z 00416ee0 f   MainFrm.obj
 0001:00015ef0       ?ShowConnectionsNumber@CMainFrame@@QAEXXZ 00416ef0 f   MainFrm.obj
 0001:00015f80       ?OnShow@CMainFrame@@IAEXXZ 00416f80 f   MainFrm.obj
 0001:00015fa0       ?OnHide@CMainFrame@@IAEXXZ 00416fa0 f   MainFrm.obj
 0001:00015fb0       ?OnExit@CMainFrame@@IAEXXZ 00416fb0 f   MainFrm.obj
 0001:00015fc0       ?ShowToolTips@CMainFrame@@QAEXPBD@Z 00416fc0 f   MainFrm.obj
 0001:00015fe0       ??0CScreenSpyDlg@@QAE@PAVCWnd@@PAVCIOCPServer@@PAUClientContext@@@Z 00416fe0 f   ScreenSpyDlg.obj
 0001:00016270       ??1CCursorInfo@@UAE@XZ     00417270 f i ScreenSpyDlg.obj
 0001:000162a0       ??_ECCursorInfo@@UAEPAXI@Z 004172a0 f i ScreenSpyDlg.obj
 0001:000162a0       ??_GCCursorInfo@@UAEPAXI@Z 004172a0 f i ScreenSpyDlg.obj
 0001:000162e0       ??_GCScreenSpyDlg@@UAEPAXI@Z 004172e0 f i ScreenSpyDlg.obj
 0001:000162e0       ??_ECScreenSpyDlg@@UAEPAXI@Z 004172e0 f i ScreenSpyDlg.obj
 0001:00016300       ??1CScreenSpyDlg@@UAE@XZ   00417300 f i ScreenSpyDlg.obj
 0001:00016380       ?OnClose@CScreenSpyDlg@@IAEXXZ 00417380 f   ScreenSpyDlg.obj
 0001:00016410       ?GetMessageMap@CScreenSpyDlg@@MBEPBUAFX_MSGMAP@@XZ 00417410 f   ScreenSpyDlg.obj
 0001:00016420       ?OnReceiveComplete@CScreenSpyDlg@@QAEXXZ 00417420 f   ScreenSpyDlg.obj
 0001:000164d0       ?SaveSnapshot@CScreenSpyDlg@@AAE_NXZ 004174d0 f   ScreenSpyDlg.obj
 0001:00016720       ?OnReceive@CScreenSpyDlg@@QAEXXZ 00417720 f   ScreenSpyDlg.obj
 0001:000167c0       ?SendResetScreen@CScreenSpyDlg@@AAEXH@Z 004177c0 f   ScreenSpyDlg.obj
 0001:00016800       ?SendResetAlgorithm@CScreenSpyDlg@@AAEXI@Z 00417800 f   ScreenSpyDlg.obj
 0001:00016830       ?OnInitDialog@CScreenSpyDlg@@MAEHXZ 00417830 f   ScreenSpyDlg.obj
 0001:00016b60       ?ResetScreen@CScreenSpyDlg@@AAEXXZ 00417b60 f   ScreenSpyDlg.obj
 0001:00016d10       ?DrawFirstScreen@CScreenSpyDlg@@AAEXXZ 00417d10 f   ScreenSpyDlg.obj
 0001:00016d60       ?DrawNextScreenDiff@CScreenSpyDlg@@AAEXXZ 00417d60 f   ScreenSpyDlg.obj
 0001:00016ea0       ?DrawNextScreenRect@CScreenSpyDlg@@AAEXXZ 00417ea0 f   ScreenSpyDlg.obj
 0001:00017130       ?OnPaint@CScreenSpyDlg@@IAEXXZ 00418130 f   ScreenSpyDlg.obj
 0001:00017260       ?OnSize@CScreenSpyDlg@@IAEXIHH@Z 00418260 f   ScreenSpyDlg.obj
 0001:000173c0       ?OnSysCommand@CScreenSpyDlg@@IAEXIJ@Z 004183c0 f   ScreenSpyDlg.obj
 0001:000177c0       ?OnGetMiniMaxInfo@CScreenSpyDlg@@AAEJIJ@Z 004187c0 f   ScreenSpyDlg.obj
 0001:000177f0       ?DrawTipString@CScreenSpyDlg@@AAEXVCString@@@Z 004187f0 f   ScreenSpyDlg.obj
 0001:000178a0       ?InitMMI@CScreenSpyDlg@@AAEXXZ 004188a0 f   ScreenSpyDlg.obj
 0001:00017950       ?PreTranslateMessage@CScreenSpyDlg@@UAEHPAUtagMSG@@@Z 00418950 f   ScreenSpyDlg.obj
 0001:00017aa0       ?SendCommand@CScreenSpyDlg@@AAEXPAUtagMSG@@@Z 00418aa0 f   ScreenSpyDlg.obj
 0001:00017b00       ?OnHScroll@CScreenSpyDlg@@IAEXIIPAVCScrollBar@@@Z 00418b00 f   ScreenSpyDlg.obj
 0001:00017bf0       ?OnVScroll@CScreenSpyDlg@@IAEXIIPAVCScrollBar@@@Z 00418bf0 f   ScreenSpyDlg.obj
 0001:00017ce0       ?UpdateLocalClipboard@CScreenSpyDlg@@AAEXPADH@Z 00418ce0 f   ScreenSpyDlg.obj
 0001:00017d50       ?SendLocalClipboard@CScreenSpyDlg@@AAEXXZ 00418d50 f   ScreenSpyDlg.obj
 0001:00017e00       ?SendNext@CScreenSpyDlg@@AAEXXZ 00418e00 f   ScreenSpyDlg.obj
 0001:00017e30       ?base64_encode@@YAHPBXHPAPAD@Z 00418e30 f   SettingsView.obj
 0001:00017f10       ?MyEncode@@YAPADPAD@Z      00418f10 f   SettingsView.obj
 0001:00017f80       ?CreateObject@CSettingsView@@SGPAVCObject@@XZ 00418f80 f   SettingsView.obj
 0001:00017fe0       ?GetRuntimeClass@CSettingsView@@UBEPAUCRuntimeClass@@XZ 00418fe0 f   SettingsView.obj
 0001:00017ff0       ??0CSettingsView@@QAE@XZ   00418ff0 f   SettingsView.obj
 0001:00018560       ??_ECSettingsView@@UAEPAXI@Z 00419560 f i SettingsView.obj
 0001:00018560       ??_GCSettingsView@@UAEPAXI@Z 00419560 f i SettingsView.obj
 0001:00018580       ??1CSettingsView@@UAE@XZ   00419580 f   SettingsView.obj
 0001:00018670       ?DoDataExchange@CSettingsView@@MAEXPAVCDataExchange@@@Z 00419670 f   SettingsView.obj
 0001:000187a0       ?GetMessageMap@CSettingsView@@MBEPBUAFX_MSGMAP@@XZ 004197a0 f   SettingsView.obj
 0001:000187b0       ?OnChangeConfig@CSettingsView@@IAEXI@Z 004197b0 f   SettingsView.obj
 0001:00018cd0       ?OnActivateView@CSettingsView@@MAEXHPAVCView@@0@Z 00419cd0 f   SettingsView.obj
 0001:00018e70       ?OnResetport@CSettingsView@@IAEXXZ 00419e70 f   SettingsView.obj
 0001:00018fe0       ?OnConnectAuto@CSettingsView@@IAEXXZ 00419fe0 f   SettingsView.obj
 0001:00019010       ?OnCheckAuth@CSettingsView@@IAEXXZ 0041a010 f   SettingsView.obj
 0001:00019010       ?OnCheckProxy@CSettingsView@@IAEXXZ 0041a010 f   SettingsView.obj
 0001:00019020       ?OnTestMaster@CSettingsView@@IAEXXZ 0041a020 f   SettingsView.obj
 0001:00019070       ?OnTestProxy@CSettingsView@@IAEXXZ 0041a070 f   SettingsView.obj
 0001:000190d0       ?UpdateProxyControl@CSettingsView@@AAEXXZ 0041a0d0 f   SettingsView.obj
 0001:000191b0       ?TestProxy@CSettingsView@@CGKPAX@Z 0041a1b0 f   SettingsView.obj
 0001:00019530       ?TestMaster@CSettingsView@@CGKPAX@Z 0041a530 f   SettingsView.obj
 0001:000196c0       ?OnDisablePoptips@CSettingsView@@IAEXXZ 0041a6c0 f   SettingsView.obj
 0001:00019760       ?OnSaveasDefault@CSettingsView@@IAEXXZ 0041a760 f   SettingsView.obj
 0001:00019770       ??0SEU_QQwry@@QAE@XZ       0041a770 f   SEU_QQwry.obj
 0001:000197c0       ??_GSEU_QQwry@@UAEPAXI@Z   0041a7c0 f i SEU_QQwry.obj
 0001:000197c0       ??_ESEU_QQwry@@UAEPAXI@Z   0041a7c0 f i SEU_QQwry.obj
 0001:000197e0       ??1SEU_QQwry@@UAE@XZ       0041a7e0 f   SEU_QQwry.obj
 0001:00019840       ?OpenQQwry@SEU_QQwry@@QAE_NVCString@@@Z 0041a840 f   SEU_QQwry.obj
 0001:000198c0       ?CloseQQwry@SEU_QQwry@@QAEXXZ 0041a8c0 f   SEU_QQwry.obj
 0001:000198e0       ?GetBE@SEU_QQwry@@QAE_NXZ  0041a8e0 f   SEU_QQwry.obj
 0001:00019920       ?GetStartIPInfo@SEU_QQwry@@QAEHH@Z 0041a920 f   SEU_QQwry.obj
 0001:00019b90       ?GetRecordCount@SEU_QQwry@@QAEHXZ 0041ab90 f   SEU_QQwry.obj
 0001:00019bd0       ?GetStr@SEU_QQwry@@QAE?AVCString@@H@Z 0041abd0 f   SEU_QQwry.obj
 0001:00019ca0       ?GetCountryLocal@SEU_QQwry@@QAE?AVCString@@H@Z 0041aca0 f   SEU_QQwry.obj
 0001:00019d00       ?GetCountryLocal@SEU_QQwry@@QAE?AVCString@@EH@Z 0041ad00 f   SEU_QQwry.obj
 0001:0001a0d0       ?GetStr@SEU_QQwry@@QAE?AVCString@@XZ 0041b0d0 f   SEU_QQwry.obj
 0001:0001a170       ?IPtoAdd@SEU_QQwry@@QAE?AVCString@@V2@@Z 0041b170 f   SEU_QQwry.obj
 0001:0001a240       ?GetIndex@SEU_QQwry@@QAEHVCString@@@Z 0041b240 f   SEU_QQwry.obj
 0001:0001a330       ?GetSIP@SEU_QQwry@@QAEKH@Z 0041b330 f   SEU_QQwry.obj
 0001:0001a400       ?IPtoDWORD@SEU_QQwry@@QAEKVCString@@@Z 0041b400 f   SEU_QQwry.obj
 0001:0001a510       ?SetPath@SEU_QQwry@@QAEXVCString@@@Z 0041b510 f   SEU_QQwry.obj
 0001:0001a580       ??0CShellDlg@@QAE@PAVCWnd@@PAVCIOCPServer@@PAUClientContext@@@Z 0041b580 f   ShellDlg.obj
 0001:0001a620       ??_ECShellDlg@@UAEPAXI@Z   0041b620 f i ShellDlg.obj
 0001:0001a620       ??_GCShellDlg@@UAEPAXI@Z   0041b620 f i ShellDlg.obj
 0001:0001a640       ??1CShellDlg@@UAE@XZ       0041b640 f i ShellDlg.obj
 0001:0001a690       ?GetMessageMap@CShellDlg@@MBEPBUAFX_MSGMAP@@XZ 0041b690 f   ShellDlg.obj
 0001:0001a6a0       ?PreTranslateMessage@CShellDlg@@UAEHPAUtagMSG@@@Z 0041b6a0 f   ShellDlg.obj
 0001:0001a830       ?OnInitDialog@CShellDlg@@MAEHXZ 0041b830 f   ShellDlg.obj
 0001:0001a960       ?OnReceiveComplete@CShellDlg@@QAEXXZ 0041b960 f   ShellDlg.obj
 0001:0001a980       ?AddKeyBoardData@CShellDlg@@AAEXXZ 0041b980 f   ShellDlg.obj
 0001:0001aa60       ?ResizeEdit@CKeyBoardDlg@@AAEXXZ 0041ba60 f   ShellDlg.obj
 0001:0001aa60       ?ResizeEdit@CShellDlg@@AAEXXZ 0041ba60 f   ShellDlg.obj
 0001:0001aaa0       ?OnChangeEdit@CShellDlg@@IAEXXZ 0041baa0 f   ShellDlg.obj
 0001:0001aac0       ?OnCtlColor@CShellDlg@@IAEPAUHBRUSH__@@PAVCDC@@PAVCWnd@@I@Z 0041bac0 f   ShellDlg.obj
 0001:0001ab20       ??0CSystemDlg@@QAE@PAVCWnd@@PAVCIOCPServer@@PAUClientContext@@@Z 0041bb20 f   SystemDlg.obj
 0001:0001abf0       ??_GCSystemDlg@@UAEPAXI@Z  0041bbf0 f i SystemDlg.obj
 0001:0001abf0       ??_ECSystemDlg@@UAEPAXI@Z  0041bbf0 f i SystemDlg.obj
 0001:0001ac10       ??1CSystemDlg@@UAE@XZ      0041bc10 f i SystemDlg.obj
 0001:0001ac90       ?DoDataExchange@CSystemDlg@@MAEXPAVCDataExchange@@@Z 0041bc90 f   SystemDlg.obj
 0001:0001acf0       ?OnReceiveComplete@CSystemDlg@@QAEXXZ 0041bcf0 f   SystemDlg.obj
 0001:0001ad30       ?GetMessageMap@CSystemDlg@@MBEPBUAFX_MSGMAP@@XZ 0041bd30 f   SystemDlg.obj
 0001:0001ad40       ?ShowProcessList@CSystemDlg@@AAEXXZ 0041bd40 f   SystemDlg.obj
 0001:0001aef0       ?ShowWindowsList@CSystemDlg@@AAEXXZ 0041bef0 f   SystemDlg.obj
 0001:0001b060       ?ShowDialupassList@CSystemDlg@@AAEXXZ 0041c060 f   SystemDlg.obj
 0001:0001b120       ?OnInitDialog@CSystemDlg@@EAEHXZ 0041c120 f   SystemDlg.obj
 0001:0001b370       ?OnClose@CSystemDlg@@AAEXXZ 0041c370 f   SystemDlg.obj
 0001:0001b3a0       ?OnSize@CSystemDlg@@AAEXIHH@Z 0041c3a0 f   SystemDlg.obj
 0001:0001b3c0       ?AdjustList@CSystemDlg@@AAEXXZ 0041c3c0 f   SystemDlg.obj
 0001:0001b420       ?ShowSelectWindow@CSystemDlg@@AAEXXZ 0041c420 f   SystemDlg.obj
 0001:0001b520       ?OnRclickList@CSystemDlg@@AAEXPAUtagNMHDR@@PAJ@Z 0041c520 f   SystemDlg.obj
 0001:0001b5f0       ?OnKillprocess@CSystemDlg@@AAEXXZ 0041c5f0 f   SystemDlg.obj
 0001:0001b790       ?OnRefreshPsList@CSystemDlg@@AAEXXZ 0041c790 f   SystemDlg.obj
 0001:0001b7d0       ?GetProcessList@CSystemDlg@@AAEXXZ 0041c7d0 f   SystemDlg.obj
 0001:0001b800       ?GetWindowsList@CSystemDlg@@AAEXXZ 0041c800 f   SystemDlg.obj
 0001:0001b830       ?GetDialupassList@CSystemDlg@@AAEXXZ 0041c830 f   SystemDlg.obj
 0001:0001b860       ?OnSelchangeTab@CSystemDlg@@AAEXPAUtagNMHDR@@PAJ@Z 0041c860 f   SystemDlg.obj
 0001:0001b880       ??_ECTabCtrl@@UAEPAXI@Z    0041c880 f i SystemDlg.obj
 0001:0001b880       ??_GCTabCtrl@@UAEPAXI@Z    0041c880 f i SystemDlg.obj
 0001:0001b8a0       ?CreateObject@CTabSDIFrameWnd@@SGPAVCObject@@XZ 0041c8a0 f   TabSDIFrameWnd.obj
 0001:0001b900       ?GetRuntimeClass@CTabSDIFrameWnd@@UBEPAUCRuntimeClass@@XZ 0041c900 f   TabSDIFrameWnd.obj
 0001:0001b910       ??0CTabSDIFrameWnd@@IAE@XZ 0041c910 f   TabSDIFrameWnd.obj
 0001:0001b960       ??_GCTabSDIFrameWnd@@MAEPAXI@Z 0041c960 f i TabSDIFrameWnd.obj
 0001:0001b960       ??_ECTabSDIFrameWnd@@MAEPAXI@Z 0041c960 f i TabSDIFrameWnd.obj
 0001:0001b980       ??1CTabSDIFrameWnd@@MAE@XZ 0041c980 f   TabSDIFrameWnd.obj
 0001:0001b9e0       ?GetMessageMap@CTabSDIFrameWnd@@MBEPBUAFX_MSGMAP@@XZ 0041c9e0 f   TabSDIFrameWnd.obj
 0001:0001b9f0       ?OnSelchangeTabctrl@CTabSDIFrameWnd@@IAEXPAUtagNMHDR@@PAJ@Z 0041c9f0 f   TabSDIFrameWnd.obj
 0001:0001ba10       ?OnClickTabctrl@CTabSDIFrameWnd@@IAEXPAUtagNMHDR@@PAJ@Z 0041ca10 f   TabSDIFrameWnd.obj
 0001:0001ba40       ?AddView@CTabSDIFrameWnd@@QAEHVCString@@PAVCView@@0@Z 0041ca40 f   TabSDIFrameWnd.obj
 0001:0001bbb0       ?GetItemCount@CCustomTabCtrl@@QAEHXZ 0041cbb0 f i TabSDIFrameWnd.obj
 0001:0001bbc0       ?DeleteActiveView@CTabSDIFrameWnd@@QAEHXZ 0041cbc0 f   TabSDIFrameWnd.obj
 0001:0001bd10       ?DeleteContents@CTabSDIFrameWnd@@QAEXXZ 0041cd10 f   TabSDIFrameWnd.obj
 0001:0001bd70       ?SetCurView@CTabSDIFrameWnd@@QAEHH@Z 0041cd70 f   TabSDIFrameWnd.obj
 0001:0001beb0       ??0CThemeUtil@@QAE@XZ      0041ceb0 f   ThemeUtil.obj
 0001:0001bf00       ??_ECThemeUtil@@UAEPAXI@Z  0041cf00 f i ThemeUtil.obj
 0001:0001bf00       ??_GCThemeUtil@@UAEPAXI@Z  0041cf00 f i ThemeUtil.obj
 0001:0001bf20       ??1CThemeUtil@@UAE@XZ      0041cf20 f   ThemeUtil.obj
 0001:0001bf30       ?FreeLibrary@CThemeUtil@@AAEXXZ 0041cf30 f   ThemeUtil.obj
 0001:0001bf50       ?IsWinXP@CThemeUtil@@AAEHXZ 0041cf50 f   ThemeUtil.obj
 0001:0001bfb0       ?OpenThemeData@CThemeUtil@@QAEHPAUHWND__@@PBG@Z 0041cfb0 f   ThemeUtil.obj
 0001:0001c0b0       ?CloseThemeData@CThemeUtil@@QAEXXZ 0041d0b0 f   ThemeUtil.obj
 0001:0001c100       ?GetThemeColor@CThemeUtil@@QAEHHHHPBK@Z 0041d100 f   ThemeUtil.obj
 0001:0001c150       ?GetThemeEnumValue@CThemeUtil@@QAEHHHHPBH@Z 0041d150 f   ThemeUtil.obj
 0001:0001c1a0       ?GetThemeInt@CThemeUtil@@QAEHHHHPBH@Z 0041d1a0 f   ThemeUtil.obj
 0001:0001c1f0       ?GetThemeMargins@CThemeUtil@@QAEHHHHPBU_MY_MARGINS@@@Z 0041d1f0 f   ThemeUtil.obj
 0001:0001c240       ?GetThemeFilename@CThemeUtil@@QAEHHHHPAGH@Z 0041d240 f   ThemeUtil.obj
 0001:0001c290       ?GetCurrentThemeName@CThemeUtil@@QAEHPAGH0H0H@Z 0041d290 f   ThemeUtil.obj
 0001:0001c2e0       ?LoadBitmapA@CThemeUtil@@QAEPAUHBITMAP__@@PAG@Z 0041d2e0 f   ThemeUtil.obj
 0001:0001c390       ?GetRuntimeClass@CTrayIcon@@UBEPAUCRuntimeClass@@XZ 0041d390 f   TrayIcon.obj
 0001:0001c3a0       ??0CTrayIcon@@QAE@XZ       0041d3a0 f   TrayIcon.obj
 0001:0001c3c0       ??_ECTrayIcon@@UAEPAXI@Z   0041d3c0 f i TrayIcon.obj
 0001:0001c3c0       ??_GCTrayIcon@@UAEPAXI@Z   0041d3c0 f i TrayIcon.obj
 0001:0001c3e0       ?Create@CTrayIcon@@QAEHPAVCWnd@@IPBDPAUHICON__@@IH@Z 0041d3e0 f   TrayIcon.obj
 0001:0001c560       ??1CTrayIcon@@UAE@XZ       0041d560 f   TrayIcon.obj
 0001:0001c5a0       ?RemoveIcon@CTrayIcon@@QAEXXZ 0041d5a0 f   TrayIcon.obj
 0001:0001c5d0       ?SetTooltipText@CTrayIcon@@QAEHPBD@Z 0041d5d0 f   TrayIcon.obj
 0001:0001c670       ?OnTrayNotification@CTrayIcon@@UAEJIJ@Z 0041d670 f   TrayIcon.obj
 0001:0001c8b0       ??0CTrueColorToolBar@@QAE@XZ 0041d8b0 f   TrueColorToolBar.obj
 0001:0001c8f0       ??_GCTrueColorToolBar@@UAEPAXI@Z 0041d8f0 f i TrueColorToolBar.obj
 0001:0001c8f0       ??_ECTrueColorToolBar@@UAEPAXI@Z 0041d8f0 f i TrueColorToolBar.obj
 0001:0001c910       ??1CTrueColorToolBar@@UAE@XZ 0041d910 f   TrueColorToolBar.obj
 0001:0001c990       ?GetMessageMap@CTrueColorToolBar@@MBEPBUAFX_MSGMAP@@XZ 0041d990 f   TrueColorToolBar.obj
 0001:0001c9a0       ?LoadTrueColorToolBar@CTrueColorToolBar@@QAEHHIII@Z 0041d9a0 f   TrueColorToolBar.obj
 0001:0001ca10       ?SetTrueColorToolBar@CTrueColorToolBar@@AAEHIIH@Z 0041da10 f   TrueColorToolBar.obj
 0001:0001cbd0       ?AddDropDownButton@CTrueColorToolBar@@QAEXPAVCWnd@@II@Z 0041dbd0 f   TrueColorToolBar.obj
 0001:0001cdd0       ?OnToolbarDropDown@CTrueColorToolBar@@IAEXPAUtagNMTOOLBARA@@PAJ@Z 0041ddd0 f   TrueColorToolBar.obj
 0001:0001cee0       ?Serialize@?$CArray@UstDropDownInfo@CTrueColorToolBar@@AAU12@@@UAEXAAVCArchive@@@Z 0041dee0 f i TrueColorToolBar.obj
 0001:0001d0a0       ??_E?$CArray@UstDropDownInfo@CTrueColorToolBar@@AAU12@@@UAEPAXI@Z 0041e0a0 f i TrueColorToolBar.obj
 0001:0001d0a0       ??_G?$CArray@UstDropDownInfo@CTrueColorToolBar@@AAU12@@@UAEPAXI@Z 0041e0a0 f i TrueColorToolBar.obj
 0001:0001d0c0       ??1?$CArray@UstDropDownInfo@CTrueColorToolBar@@AAU12@@@UAE@XZ 0041e0c0 f i TrueColorToolBar.obj
 0001:0001d110       ??0CWebCamDlg@@QAE@PAVCWnd@@PAVCIOCPServer@@PAUClientContext@@@Z 0041e110 f   WebCamDlg.obj
 0001:0001d230       ??_ECWebCamDlg@@UAEPAXI@Z  0041e230 f i WebCamDlg.obj
 0001:0001d230       ??_GCWebCamDlg@@UAEPAXI@Z  0041e230 f i WebCamDlg.obj
 0001:0001d250       ??1CWebCamDlg@@UAE@XZ      0041e250 f i WebCamDlg.obj
 0001:0001d2c0       ?GetMessageMap@CWebCamDlg@@MBEPBUAFX_MSGMAP@@XZ 0041e2c0 f   WebCamDlg.obj
 0001:0001d2d0       ?OnReceive@CWebCamDlg@@QAEXXZ 0041e2d0 f   WebCamDlg.obj
 0001:0001d360       ?OnReceiveComplete@CWebCamDlg@@QAEXXZ 0041e360 f   WebCamDlg.obj
 0001:0001d3b0       ?SaveSnapshot@CWebCamDlg@@AAE_NXZ 0041e3b0 f   WebCamDlg.obj
 0001:0001d600       ?SaveAvi@CWebCamDlg@@AAEXXZ 0041e600 f   WebCamDlg.obj
 0001:0001d820       ?SendException@CWebCamDlg@@AAEXXZ 0041e820 f   WebCamDlg.obj
 0001:0001d850       ?PreTranslateMessage@CWebCamDlg@@UAEHPAUtagMSG@@@Z 0041e850 f   WebCamDlg.obj
 0001:0001d850       ?PreTranslateMessage@CSystemDlg@@UAEHPAUtagMSG@@@Z 0041e850 f   WebCamDlg.obj
 0001:0001d850       ?PreTranslateMessage@CKeyBoardDlg@@UAEHPAUtagMSG@@@Z 0041e850 f   WebCamDlg.obj
 0001:0001d880       ?OnGetMiniMaxInfo@CWebCamDlg@@AAEJIJ@Z 0041e880 f   WebCamDlg.obj
 0001:0001d8b0       ?InitMMI@CWebCamDlg@@AAEXXZ 0041e8b0 f   WebCamDlg.obj
 0001:0001d990       ?OnClose@CWebCamDlg@@IAEXXZ 0041e990 f   WebCamDlg.obj
 0001:0001da30       ?OnInitDialog@CWebCamDlg@@MAEHXZ 0041ea30 f   WebCamDlg.obj
 0001:0001dc00       ?OnSysCommand@CWebCamDlg@@IAEXIJ@Z 0041ec00 f   WebCamDlg.obj
 0001:0001dd20       ?DrawDIB@CWebCamDlg@@AAEXXZ 0041ed20 f   WebCamDlg.obj
 0001:0001de30       ?InitCodec@CWebCamDlg@@AAEXK@Z 0041ee30 f   WebCamDlg.obj
 0001:0001df90       ??_ECVideoCodec@@UAEPAXI@Z 0041ef90 f i WebCamDlg.obj
 0001:0001df90       ??_GCVideoCodec@@UAEPAXI@Z 0041ef90 f i WebCamDlg.obj
 0001:0001dfe0       ?SendResetScreen@CWebCamDlg@@AAE_NHH@Z 0041efe0 f   WebCamDlg.obj
 0001:0001e060       ?ResetScreen@CWebCamDlg@@AAEXXZ 0041f060 f   WebCamDlg.obj
 0001:0001e170       ?OnPaint@CWebCamDlg@@IAEXXZ 0041f170 f   WebCamDlg.obj
 0001:0001e270       ?OnShowWindow@CWebCamDlg@@IAEXHI@Z 0041f270 f   WebCamDlg.obj
 0001:0001e280       ?OnSize@CWebCamDlg@@IAEXIHH@Z 0041f280 f   WebCamDlg.obj
 0001:0001e370       ??0CWinXPButtonST@@QAE@XZ  0041f370 f   WinXPButtonST.obj
 0001:0001e390       ??_ECWinXPButtonST@@UAEPAXI@Z 0041f390 f i WinXPButtonST.obj
 0001:0001e390       ??_GCWinXPButtonST@@UAEPAXI@Z 0041f390 f i WinXPButtonST.obj
 0001:0001e3b0       ??1CWinXPButtonST@@UAE@XZ  0041f3b0 f   WinXPButtonST.obj
 0001:0001e3c0       ?OnDrawBorder@CWinXPButtonST@@MAEKPAVCDC@@PAVCRect@@@Z 0041f3c0 f   WinXPButtonST.obj
 0001:0001e3d0       ?OnDrawBackground@CWinXPButtonST@@MAEKPAVCDC@@PAVCRect@@@Z 0041f3d0 f   WinXPButtonST.obj
 0001:0001e510       ??_ECPen@@UAEPAXI@Z        0041f510 f i WinXPButtonST.obj
 0001:0001e510       ??_GCPen@@UAEPAXI@Z        0041f510 f i WinXPButtonST.obj
 0001:0001e530       _compress2                 0041f530 f   zlib:compress.obj
 0001:0001e5e0       _compress                  0041f5e0 f   zlib:compress.obj
 0001:0001e600       _uncompress                0041f600 f   zlib:uncompr.obj
 0001:0001e6a0       _deflateInit_              0041f6a0 f   zlib:deflate.obj
 0001:0001e6d0       _deflateInit2_             0041f6d0 f   zlib:deflate.obj
 0001:0001e8d0       _deflateReset              0041f8d0 f   zlib:deflate.obj
 0001:0001e950       _deflate                   0041f950 f   zlib:deflate.obj
 0001:0001ecb0       _deflateEnd                0041fcb0 f   zlib:deflate.obj
 0001:0001f9e0       _inflateReset              004209e0 f   zlib:inflate.obj
 0001:0001fa30       _inflateEnd                00420a30 f   zlib:inflate.obj
 0001:0001fa80       _inflateInit2_             00420a80 f   zlib:inflate.obj
 0001:0001fb90       _inflateInit_              00420b90 f   zlib:inflate.obj
 0001:0001fbb0       _inflate                   00420bb0 f   zlib:inflate.obj
 0001:0001ffe0       _zcalloc                   00420fe0 f   zlib:zutil.obj
 0001:00020000       _zcfree                    00421000 f   zlib:zutil.obj
 0001:00020010       _adler32                   00421010 f   zlib:adler32.obj
 0001:00020140       __tr_init                  00421140 f   zlib:trees.obj
 0001:00020230       __tr_stored_block          00421230 f   zlib:trees.obj
 0001:000202d0       __tr_align                 004212d0 f   zlib:trees.obj
 0001:00020530       __tr_flush_block           00421530 f   zlib:trees.obj
 0001:00021cd0       _inflate_blocks_reset      00422cd0 f   zlib:infblock.obj
 0001:00021d50       _inflate_blocks_new        00422d50 f   zlib:infblock.obj
 0001:00021df0       _inflate_blocks            00422df0 f   zlib:infblock.obj
 0001:00022b00       _inflate_blocks_free       00423b00 f   zlib:infblock.obj
 0001:00022b40       _inflate_codes_new         00423b40 f   zlib:infcodes.obj
 0001:00022b80       _inflate_codes             00423b80 f   zlib:infcodes.obj
 0001:00023330       _inflate_codes_free        00424330 f   zlib:infcodes.obj
 0001:00023350       _inflate_trees_bits        00424350 f   zlib:inftrees.obj
 0001:000238c0       _inflate_trees_dynamic     004248c0 f   zlib:inftrees.obj
 0001:00023a50       _inflate_trees_fixed       00424a50 f   zlib:inftrees.obj
 0001:00023a80       _inflate_flush             00424a80 f   zlib:infutil.obj
 0001:00023bc0       _inflate_fast              00424bc0 f   zlib:inffast.obj
 0001:00023f90       ?AfxGetMainWnd@@YGPAVCWnd@@XZ 00424f90 f i nafxcw:dlgcore.obj
 0001:00023fa4       ??_9@$BME@AE               00424fa4 f i nafxcw:dlgcore.obj
 0001:00023fac       ??_9@$BMI@AE               00424fac f i nafxcw:dlgcore.obj
 0001:00023fb4       _InitMultipleMonitorStubs  00424fb4 f   nafxcw:wincore.obj
 0001:0002408c       _xMonitorFromRect@8        0042508c f   nafxcw:wincore.obj
 0001:000240e2       _xMonitorFromWindow@8      004250e2 f   nafxcw:wincore.obj
 0001:0002414d       _xGetMonitorInfo@8         0042514d f   nafxcw:wincore.obj
 0001:000241e0       ?GetOwner@CWnd@@QBEPAV1@XZ 004251e0 f i nafxcw:wincore.obj
 0001:000241f7       ??1CWaitCursor@@QAE@XZ     004251f7 f i nafxcw:wincore.obj
 0001:00024204       ??0CResourceException@@QAE@HI@Z 00425204 f i nafxcw:wingdi.obj
 0001:0002422e       ??_ECResourceException@@UAEPAXI@Z 0042522e f i nafxcw:wingdi.obj
 0001:0002422e       ??_GCResourceException@@UAEPAXI@Z 0042522e f i nafxcw:wingdi.obj
 0001:0002424a       ??1CResourceException@@UAE@XZ 0042524a f i nafxcw:wingdi.obj
 0001:00024251       ??0CUserException@@QAE@HI@Z 00425251 f i nafxcw:wingdi.obj
 0001:0002427b       ??_ECUserException@@UAEPAXI@Z 0042527b f i nafxcw:wingdi.obj
 0001:0002427b       ??_GCUserException@@UAEPAXI@Z 0042527b f i nafxcw:wingdi.obj
 0001:00024297       ??1CUserException@@UAE@XZ  00425297 f i nafxcw:wingdi.obj
 0001:0002429e       ??_GCBrush@@UAEPAXI@Z      0042529e f i nafxcw:wingdi.obj
 0001:0002429e       ??_ECBrush@@UAEPAXI@Z      0042529e f i nafxcw:wingdi.obj
 0001:000242ba       ?PtVisible@CDC@@UBEHHH@Z   004252ba f i nafxcw:wingdi.obj
 0001:000242ce       ?RectVisible@CDC@@UBEHPBUtagRECT@@@Z 004252ce f i nafxcw:wingdi.obj
 0001:000242de       ?TextOutA@CDC@@UAEHHHPBDH@Z 004252de f i nafxcw:wingdi.obj
 0001:000242fa       ?ExtTextOutA@CDC@@UAEHHHIPBUtagRECT@@PBDIPAH@Z 004252fa f i nafxcw:wingdi.obj
 0001:0002431f       ?TabbedTextOutA@CDC@@UAE?AVCSize@@HHPBDHHPAHH@Z 0042531f f i nafxcw:wingdi.obj
 0001:00024357       ?DrawTextA@CDC@@UAEHPBDHPAUtagRECT@@I@Z 00425357 f i nafxcw:wingdi.obj
 0001:00024373       ?GrayStringA@CDC@@UAEHPAVCBrush@@P6GHPAUHDC__@@JH@ZJHHHHH@Z 00425373 f i nafxcw:wingdi.obj
 0001:000243a3       ?Escape@CDC@@UAEHHHPBDPAX@Z 004253a3 f i nafxcw:wingdi.obj
 0001:000243bf       ??_GCFileException@@UAEPAXI@Z 004253bf f i nafxcw:filecore.obj
 0001:000243bf       ??_ECFileException@@UAEPAXI@Z 004253bf f i nafxcw:filecore.obj
 0001:000243db       ??1CFileException@@UAE@XZ  004253db f i nafxcw:filecore.obj
 0001:00024407       ?SetFilePath@CFile@@UAEXPBD@Z 00425407 f i nafxcw:filecore.obj
 0001:00024416       ??_9@$BOA@AE               00425416 f i nafxcw:viewcore.obj
 0001:0002441e       ??1CPushRoutingView@@QAE@XZ 0042541e f i nafxcw:viewcore.obj
 0001:0002442a       ??0CMemoryException@@QAE@HI@Z 0042542a f i nafxcw:except.obj
 0001:00024454       ??_GCMemoryException@@UAEPAXI@Z 00425454 f i nafxcw:except.obj
 0001:00024454       ??_ECMemoryException@@UAEPAXI@Z 00425454 f i nafxcw:except.obj
 0001:00024470       ??1CMemoryException@@UAE@XZ 00425470 f i nafxcw:except.obj
 0001:00024477       ??0CNotSupportedException@@QAE@HI@Z 00425477 f i nafxcw:except.obj
 0001:000244a1       ??_GCNotSupportedException@@UAEPAXI@Z 004254a1 f i nafxcw:except.obj
 0001:000244a1       ??_ECNotSupportedException@@UAEPAXI@Z 004254a1 f i nafxcw:except.obj
 0001:000244bd       ??1CNotSupportedException@@UAE@XZ 004254bd f i nafxcw:except.obj
 0001:000244c4       ??6CArchive@@QAEAAV0@E@Z   004254c4 f i nafxcw:arccore.obj
 0001:000244e7       ??6CArchive@@QAEAAV0@G@Z   004254e7 f i nafxcw:arccore.obj
 0001:0002450e       ??6CArchive@@QAEAAV0@K@Z   0042550e f i nafxcw:arccore.obj
 0001:00024534       ??5CArchive@@QAEAAV0@AAE@Z 00425534 f i nafxcw:arccore.obj
 0001:00024563       ??5CArchive@@QAEAAV0@AAG@Z 00425563 f i nafxcw:arccore.obj
 0001:00024596       ??5CArchive@@QAEAAV0@AAK@Z 00425596 f i nafxcw:arccore.obj
 0001:000245c8       ??_GCHeaderCtrl@@UAEPAXI@Z 004255c8 f i nafxcw:winctrl2.obj
 0001:000245c8       ??_ECHeaderCtrl@@UAEPAXI@Z 004255c8 f i nafxcw:winctrl2.obj
 0001:000245e4       ??0CFileFind@@QAE@XZ       004255e4 f   nafxcw:filefind.obj
 0001:00024605       ??_GCFileFind@@UAEPAXI@Z   00425605 f i nafxcw:filefind.obj
 0001:00024605       ??_ECFileFind@@UAEPAXI@Z   00425605 f i nafxcw:filefind.obj
 0001:00024621       ??1CFileFind@@UAE@XZ       00425621 f   nafxcw:filefind.obj
 0001:0002465d       ?Close@CFileFind@@QAEXXZ   0042565d f   nafxcw:filefind.obj
 0001:0002469d       ?CloseContext@CFileFind@@MAEXXZ 0042569d f   nafxcw:filefind.obj
 0001:000246a7       ?FindFile@CFileFind@@UAEHPBDK@Z 004256a7 f   nafxcw:filefind.obj
 0001:00024787       ?MatchesMask@CFileFind@@UBEHK@Z 00425787 f   nafxcw:filefind.obj
 0001:000247a1       ?GetLastAccessTime@CFileFind@@UBEHPAU_FILETIME@@@Z 004257a1 f   nafxcw:filefind.obj
 0001:000247c5       ?GetLastWriteTime@CFileFind@@UBEHPAU_FILETIME@@@Z 004257c5 f   nafxcw:filefind.obj
 0001:000247e9       ?GetCreationTime@CFileFind@@UBEHPAU_FILETIME@@@Z 004257e9 f   nafxcw:filefind.obj
 0001:0002480d       ?GetLastAccessTime@CFileFind@@UBEHAAVCTime@@@Z 0042580d f   nafxcw:filefind.obj
 0001:00024838       ?GetLastWriteTime@CFileFind@@UBEHAAVCTime@@@Z 00425838 f   nafxcw:filefind.obj
 0001:00024863       ?GetCreationTime@CFileFind@@UBEHAAVCTime@@@Z 00425863 f   nafxcw:filefind.obj
 0001:0002488e       ?IsDots@CFileFind@@UBEHXZ  0042588e f   nafxcw:filefind.obj
 0001:000248c7       ?FindNextFileA@CFileFind@@UAEHXZ 004258c7 f   nafxcw:filefind.obj
 0001:00024902       ?GetFileURL@CFileFind@@UBE?AVCString@@XZ 00425902 f   nafxcw:filefind.obj
 0001:0002497b       ?GetRoot@CFileFind@@UBE?AVCString@@XZ 0042597b f   nafxcw:filefind.obj
 0001:00024996       ?GetFilePath@CFileFind@@UBE?AVCString@@XZ 00425996 f   nafxcw:filefind.obj
 0001:00024a2e       ?GetFileTitle@CFileFind@@UBE?AVCString@@XZ 00425a2e f   nafxcw:filefind.obj
 0001:00024abf       ?GetFileName@CFileFind@@UBE?AVCString@@XZ 00425abf f   nafxcw:filefind.obj
 0001:00024b1e       ?GetLength@CFileFind@@QBEKXZ 00425b1e f   nafxcw:filefind.obj
 0001:00024b4d       ??1?$CProcessLocal@VCOccManager@@@@QAE@XZ 00425b4d f i nafxcw:occmgr.obj
 0001:00024b52       ?AfxEnableControlContainer@@YAXPAVCOccManager@@@Z 00425b52 f   nafxcw:occmgr.obj
 0001:00024b79       ?_AfxFindFirstDlgItem@@YGPAUDLGITEMTEMPLATE@@PBUDLGTEMPLATE@@@Z 00425b79 f   nafxcw:occmgr.obj
 0001:00024bff       ?_AfxFindNextDlgItem@@YGPAUDLGITEMTEMPLATE@@PAU1@H@Z 00425bff f   nafxcw:occmgr.obj
 0001:00024c53       ?OnEvent@COccManager@@UAEHPAVCCmdTarget@@IPAUAFX_EVENT@@PAUAFX_CMDHANDLERINFO@@@Z 00425c53 f   nafxcw:occmgr.obj
 0001:00024c6b       ?CreateContainer@COccManager@@UAEPAVCOleControlContainer@@PAVCWnd@@@Z 00425c6b f   nafxcw:occmgr.obj
 0001:00024ca2       ?CreateSite@COccManager@@UAEPAVCOleControlSite@@PAVCOleControlContainer@@@Z 00425ca2 f   nafxcw:occmgr.obj
 0001:00024cdc       ?PreCreateDialog@COccManager@@UAEPBUDLGTEMPLATE@@PAU_AFX_OCC_DIALOG_INFO@@PBU2@@Z 00425cdc f   nafxcw:occmgr.obj
 0001:00024d26       ?PostCreateDialog@COccManager@@UAEXPAU_AFX_OCC_DIALOG_INFO@@@Z 00425d26 f   nafxcw:occmgr.obj
 0001:00024d4a       ?SplitDialogTemplate@COccManager@@UAEPAUDLGTEMPLATE@@PBU2@PAPAUDLGITEMTEMPLATE@@@Z 00425d4a f   nafxcw:occmgr.obj
 0001:00024e89       ?CreateDlgControls@COccManager@@UAEHPAVCWnd@@PBDPAU_AFX_OCC_DIALOG_INFO@@@Z 00425e89 f   nafxcw:occmgr.obj
 0001:00024ee4       ?CreateDlgControls@COccManager@@UAEHPAVCWnd@@PAXPAU_AFX_OCC_DIALOG_INFO@@@Z 00425ee4 f   nafxcw:occmgr.obj
 0001:0002503f       ?BindControls@COccManager@@IAEXPAVCWnd@@@Z 0042603f f   nafxcw:occmgr.obj
 0001:0002515a       ?CreateDlgControl@COccManager@@IAEPAUHWND__@@PAVCWnd@@PAU2@HPAUDLGITEMTEMPLATE@@GPAEK@Z 0042615a f   nafxcw:occmgr.obj
 0001:00025425       ?CreateObject@?$CProcessLocal@VCOccManager@@@@SGPAVCNoTrackObject@@XZ 00426425 f i nafxcw:occmgr.obj
 0001:0002543a       ??_ECOccManager@@UAEPAXI@Z 0042643a f i nafxcw:occmgr.obj
 0001:0002543a       ??_GCOccManager@@UAEPAXI@Z 0042643a f i nafxcw:occmgr.obj
 0001:00025455       ??1CNoTrackObject@@UAE@XZ  00426455 f i nafxcw:occmgr.obj
 0001:00025455       ??1COccManager@@UAE@XZ     00426455 f i nafxcw:occmgr.obj
 0001:00025455       ??1CException@@UAE@XZ      00426455 f i nafxcw:occmgr.obj
 0001:00025456       ??_GCListView@@UAEPAXI@Z   00426456 f i nafxcw:viewcmn.obj
 0001:00025456       ??_ECListView@@UAEPAXI@Z   00426456 f i nafxcw:viewcmn.obj
 0001:00025472       ??1CListView@@UAE@XZ       00426472 f i nafxcw:viewcmn.obj
 0001:000254a7       ??1CPushRoutingFrame@@QAE@XZ 004264a7 f i nafxcw:winfrm.obj
 0001:000254b3       ??0CPoint@@QAE@K@Z         004264b3 f i nafxcw:barcore.obj
 0001:000254ca       ?OnCancelMode@CWnd@@IAEXXZ 004264ca f i nafxcw:barcore.obj
 0001:000254cf       ?OnEraseBkgnd@CWnd@@IAEHPAVCDC@@@Z 004264cf f i nafxcw:barcore.obj
 0001:000254d7       ?OnShowWindow@CWnd@@IAEXHI@Z 004264d7 f i nafxcw:barcore.obj
 0001:000254df       ??_GCHandleMap@@UAEPAXI@Z  004264df f i nafxcw:winhand.obj
 0001:000254df       ??_ECHandleMap@@UAEPAXI@Z  004264df f i nafxcw:winhand.obj
 0001:000254fb       ??1CHandleMap@@UAE@XZ      004264fb f i nafxcw:winhand.obj
 0001:00025543       ??0CFixedAlloc@@QAE@II@Z   00426543 f   nafxcw:fixalloc.obj
 0001:0002556b       ??1CFixedAlloc@@QAE@XZ     0042656b f   nafxcw:fixalloc.obj
 0001:0002557f       ?FreeAll@CFixedAlloc@@QAEXXZ 0042657f f   nafxcw:fixalloc.obj
 0001:000255a7       ?Alloc@CFixedAlloc@@QAEPAXXZ 004265a7 f   nafxcw:fixalloc.obj
 0001:00025636       ?Free@CFixedAlloc@@QAEXPAX@Z 00426636 f   nafxcw:fixalloc.obj
 0001:00025662       ??_ECArchiveException@@UAEPAXI@Z 00426662 f i nafxcw:arcex.obj
 0001:00025662       ??_GCArchiveException@@UAEPAXI@Z 00426662 f i nafxcw:arcex.obj
 0001:0002567e       ??1CArchiveException@@UAE@XZ 0042667e f i nafxcw:arcex.obj
 0001:000256aa       ?OnEvent@CCmdTarget@@QAEHIPAUAFX_EVENT@@PAUAFX_CMDHANDLERINFO@@@Z 004266aa f   nafxcw:occevent.obj
 0001:000258bc       ?GetEventSinkEntry@CCmdTarget@@IAGPBUAFX_EVENTSINKMAP_ENTRY@@IPAUAFX_EVENT@@@Z 004268bc f   nafxcw:occevent.obj
 0001:00025931       ?InitControlContainer@CWnd@@IAEHXZ 00426931 f   nafxcw:occcont.obj
 0001:000259da       ?GetInterfaceMap@COleControlContainer@@MBEPBUAFX_INTERFACEMAP@@XZ 004269da f   nafxcw:occcont.obj
 0001:000259e0       ?GetDispatchMap@COleControlContainer@@MBEPBUAFX_DISPMAP@@XZ 004269e0 f   nafxcw:occcont.obj
 0001:000259e6       ??0COleControlContainer@@QAE@PAVCWnd@@@Z 004269e6 f   nafxcw:occcont.obj
 0001:00025a45       ??_GCOleControlContainer@@UAEPAXI@Z 00426a45 f i nafxcw:occcont.obj
 0001:00025a45       ??_ECOleControlContainer@@UAEPAXI@Z 00426a45 f i nafxcw:occcont.obj
 0001:00025a61       ??1COleControlContainer@@UAE@XZ 00426a61 f   nafxcw:occcont.obj
 0001:00025b3f       ?CreateControl@COleControlContainer@@QAEHPAVCWnd@@ABU_GUID@@PBDKABUtagRECT@@IPAVCFile@@HPAGPAPAVCOleControlSite@@@Z 00426b3f f   nafxcw:occcont.obj
 0001:00025ba0       ?CreateControl@COleControlContainer@@QAEHPAVCWnd@@ABU_GUID@@PBDKPBUtagPOINT@@PBUtagSIZE@@IPAVCFile@@HPAGPAPAVCOleControlSite@@@Z 00426ba0 f   nafxcw:occcont.obj
 0001:00025c5b       ?FindItem@COleControlContainer@@UBEPAVCOleControlSite@@I@Z 00426c5b f   nafxcw:occcont.obj
 0001:00025ca5       ?GetAmbientProp@COleControlContainer@@UAEHPAVCOleControlSite@@JPAUtagVARIANT@@@Z 00426ca5 f   nafxcw:occcont.obj
 0001:00025ead       ?CreateOleFont@COleControlContainer@@QAEXPAVCFont@@@Z 00426ead f   nafxcw:occcont.obj
 0001:00026026       ?FreezeAllEvents@COleControlContainer@@QAEXH@Z 00427026 f   nafxcw:occcont.obj
 0001:00026067       ?ScrollChildren@COleControlContainer@@UAEXHH@Z 00427067 f   nafxcw:occcont.obj
 0001:000260c1       ?OnUIActivate@COleControlContainer@@UAEXPAVCOleControlSite@@@Z 004270c1 f   nafxcw:occcont.obj
 0001:000260df       ?OnUIDeactivate@COleControlContainer@@UAEXPAVCOleControlSite@@@Z 004270df f   nafxcw:occcont.obj
 0001:000260ef       ?CheckDlgButton@COleControlContainer@@UAEXHI@Z 004270ef f   nafxcw:occcont.obj
 0001:0002612c       ?CheckRadioButton@COleControlContainer@@UAEXHHH@Z 0042712c f   nafxcw:occcont.obj
 0001:00026154       ?GetDlgItem@COleControlContainer@@UBEPAVCWnd@@H@Z 00427154 f   nafxcw:occcont.obj
 0001:0002616f       ?GetDlgItem@COleControlContainer@@UBEXHPAPAUHWND__@@@Z 0042716f f   nafxcw:occcont.obj
 0001:000261ab       ?GetDlgItemInt@COleControlContainer@@UBEIHPAHH@Z 004271ab f   nafxcw:occcont.obj
 0001:00026259       ?GetDlgItemTextA@COleControlContainer@@UBEHHPADH@Z 00427259 f   nafxcw:occcont.obj
 0001:00026278       ?SendDlgItemMessageA@COleControlContainer@@UAEJHIIJ@Z 00427278 f   nafxcw:occcont.obj
 0001:0002629d       ?SetDlgItemInt@COleControlContainer@@UAEXHIH@Z 0042729d f   nafxcw:occcont.obj
 0001:000262da       ?SetDlgItemTextA@COleControlContainer@@UAEXHPBD@Z 004272da f   nafxcw:occcont.obj
 0001:000262f5       ?IsDlgButtonChecked@COleControlContainer@@UBEIH@Z 004272f5 f   nafxcw:occcont.obj
 0001:00026371       ?QueryInterface@XOleIPFrame@COleControlContainer@@UAGJABU_GUID@@PAPAX@Z 00427371 f   nafxcw:occcont.obj
 0001:00026388       ?AddRef@XOleIPFrame@COleControlContainer@@UAGKXZ 00427388 f   nafxcw:occcont.obj
 0001:00026399       ?Release@XOleIPFrame@COleControlContainer@@UAGKXZ 00427399 f   nafxcw:occcont.obj
 0001:000263a8       ?GetWindow@XOleIPFrame@COleControlContainer@@UAGJPAPAUHWND__@@@Z 004273a8 f   nafxcw:occcont.obj
 0001:000263bd       ?SetActiveObject@XOleIPFrame@COleControlContainer@@UAGJPAUIOleInPlaceActiveObject@@PBG@Z 004273bd f   nafxcw:occcont.obj
 0001:000263f4       ?GetTypeInfo@XEventSink@COleControlSite@@UAGJIKPAPAUITypeInfo@@@Z 004273f4 f   nafxcw:occcont.obj
 0001:000263f4       ?GetMoniker@XOleClientSite@COleControlSite@@UAGJKKPAPAUIMoniker@@@Z 004273f4 f   nafxcw:occcont.obj
 0001:000263f4       ?GetTypeInfo@XAmbientProps@COleControlSite@@UAGJIKPAPAUITypeInfo@@@Z 004273f4 f   nafxcw:occcont.obj
 0001:000263f4       ?SetMenu@XOleIPFrame@COleControlContainer@@UAGJPAUHMENU__@@PAXPAUHWND__@@@Z 004273f4 f   nafxcw:occcont.obj
 0001:000263fc       ?ContextSensitiveHelp@XOleIPSite@COleControlSite@@UAGJH@Z 004273fc f   nafxcw:occcont.obj
 0001:000263fc       ?LockInPlaceActive@XOleControlSite@COleControlSite@@UAGJH@Z 004273fc f   nafxcw:occcont.obj
 0001:000263fc       ?RequestBorderSpace@XOleIPFrame@COleControlContainer@@UAGJPBUtagRECT@@@Z 004273fc f   nafxcw:occcont.obj
 0001:000263fc       ?GetExtendedControl@XOleControlSite@COleControlSite@@UAGJPAPAUIDispatch@@@Z 004273fc f   nafxcw:occcont.obj
 0001:000263fc       ?RemoveMenus@XOleIPFrame@COleControlContainer@@UAGJPAUHMENU__@@@Z 004273fc f   nafxcw:occcont.obj
 0001:000263fc       ?GetTypeInfoCount@XAmbientProps@COleControlSite@@UAGJPAI@Z 004273fc f   nafxcw:occcont.obj
 0001:000263fc       ?ContextSensitiveHelp@XOleIPFrame@COleControlContainer@@UAGJH@Z 004273fc f   nafxcw:occcont.obj
 0001:000263fc       ?LockContainer@XOleContainer@COleControlContainer@@UAGJH@Z 004273fc f   nafxcw:occcont.obj
 0001:000263fc       ?SetBorderSpace@XOleIPFrame@COleControlContainer@@UAGJPBUtagRECT@@@Z 004273fc f   nafxcw:occcont.obj
 0001:000263fc       ?GetBorder@XOleIPFrame@COleControlContainer@@UAGJPAUtagRECT@@@Z 004273fc f   nafxcw:occcont.obj
 0001:000263fc       ?GetTypeInfoCount@XEventSink@COleControlSite@@UAGJPAI@Z 004273fc f   nafxcw:occcont.obj
 0001:000263fc       ?SetStatusText@XOleIPFrame@COleControlContainer@@UAGJPBG@Z 004273fc f   nafxcw:occcont.obj
 0001:00026404       ?OnFocus@XOleControlSite@COleControlSite@@UAGJH@Z 00427404 f   nafxcw:occcont.obj
 0001:00026404       ?OnShowWindow@XOleClientSite@COleControlSite@@UAGJH@Z 00427404 f   nafxcw:occcont.obj
 0001:00026404       ?EnableModeless@XOleIPFrame@COleControlContainer@@UAGJH@Z 00427404 f   nafxcw:occcont.obj
 0001:00026409       ?TranslateAcceleratorA@XOleIPFrame@COleControlContainer@@UAGJPAUtagMSG@@G@Z 00427409 f   nafxcw:occcont.obj
 0001:00026409       ?TranslateAcceleratorA@XOleControlSite@COleControlSite@@UAGJPAUtagMSG@@K@Z 00427409 f   nafxcw:occcont.obj
 0001:00026409       ?InsertMenus@XOleIPFrame@COleControlContainer@@UAGJPAUHMENU__@@PAUtagOleMenuGroupWidths@@@Z 00427409 f   nafxcw:occcont.obj
[...]
 0001:00056843       _$E367                     00457843 f   nafxcw:app3d.obj
 0001:0005684f       _$E366                     0045784f f   nafxcw:app3d.obj
 0001:00056859       _$E373                     00457859 f   nafxcw:app3d.obj
 0001:00056863       _$E370                     00457863 f   nafxcw:app3d.obj
 0001:00056864       _$E372                     00457864 f   nafxcw:app3d.obj
 0001:00056870       _$E371                     00457870 f   nafxcw:app3d.obj
 0001:00051901       _$E366                     00452901 f   nafxcw:winfrm.obj
 0001:00051906       _$E365                     00452906 f   nafxcw:winfrm.obj
 0001:00051924       _$E369                     00452924 f   nafxcw:winfrm.obj
 0001:00051929       _$E368                     00452929 f   nafxcw:winfrm.obj
 0001:00024b2c       _$E376                     00425b2c f   nafxcw:occmgr.obj
 0001:00024b36       _$E373                     00425b36 f   nafxcw:occmgr.obj
 0001:00024b37       _$E375                     00425b37 f   nafxcw:occmgr.obj
 0001:00024b43       _$E374                     00425b43 f   nafxcw:occmgr.obj
 0001:00055b00       _$E368                     00456b00 f   nafxcw:appcore.obj
 0001:00055b0a       _$E365                     00456b0a f   nafxcw:appcore.obj
 0001:00055b0b       _$E367                     00456b0b f   nafxcw:appcore.obj
 0001:00055b17       _$E366                     00456b17 f   nafxcw:appcore.obj
 0001:00055545       _$E371                     00456545 f   nafxcw:winmenu.obj
 0001:0005554f       _$E367                     0045654f f   nafxcw:winmenu.obj
 0001:0005555e       _$E370                     0045655e f   nafxcw:winmenu.obj
 0001:0005556a       _$E368                     0045656a f   nafxcw:winmenu.obj
 0001:00054997       _$E371                     00455997 f   nafxcw:winctrl2.obj
 0001:000549a1       _$E367                     004559a1 f   nafxcw:winctrl2.obj
 0001:000549b0       _$E370                     004559b0 f   nafxcw:winctrl2.obj
 0001:000549bc       _$E368                     004559bc f   nafxcw:winctrl2.obj
 0001:000548a7       _$E368                     004558a7 f   nafxcw:except.obj
 0001:000548b1       _$E365                     004558b1 f   nafxcw:except.obj
 0001:000548c3       _$E367                     004558c3 f   nafxcw:except.obj
 0001:000548cf       _$E366                     004558cf f   nafxcw:except.obj
 0001:000548df       _$E373                     004558df f   nafxcw:except.obj
 0001:000548e9       _$E370                     004558e9 f   nafxcw:except.obj
 0001:000548fb       _$E372                     004558fb f   nafxcw:except.obj
 0001:00054907       _$E371                     00455907 f   nafxcw:except.obj
 0001:00051291       _$E366                     00452291 f   nafxcw:wingdix.obj
 0001:00051296       _$E365                     00452296 f   nafxcw:wingdix.obj
 0001:00054670       _$E372                     00455670 f   nafxcw:wingdi.obj
 0001:0005467a       _$E369                     0045567a f   nafxcw:wingdi.obj
 0001:0005468c       _$E371                     0045568c f   nafxcw:wingdi.obj
 0001:00054698       _$E370                     00455698 f   nafxcw:wingdi.obj
 0001:000546a8       _$E377                     004556a8 f   nafxcw:wingdi.obj
 0001:000546b2       _$E374                     004556b2 f   nafxcw:wingdi.obj
 0001:000546c4       _$E376                     004556c4 f   nafxcw:wingdi.obj
 0001:000546d0       _$E375                     004556d0 f   nafxcw:wingdi.obj
 0001:00054803       _$E383                     00455803 f   nafxcw:wingdi.obj
 0001:0005480d       _$E379                     0045580d f   nafxcw:wingdi.obj
 0001:0005481c       _$E382                     0045581c f   nafxcw:wingdi.obj
 0001:00054828       _$E380                     00455828 f   nafxcw:wingdi.obj
 0001:00054843       _$E388                     00455843 f   nafxcw:wingdi.obj
 0001:0005484d       _$E385                     0045584d f   nafxcw:wingdi.obj
 0001:0005485c       _$E387                     0045585c f   nafxcw:wingdi.obj
 0001:00054868       _$E386                     00455868 f   nafxcw:wingdi.obj
 0001:00054366       _$E368                     00455366 f   nafxcw:afxstate.obj
 0001:00054370       _$E365                     00455370 f   nafxcw:afxstate.obj
 0001:00054371       _$E367                     00455371 f   nafxcw:afxstate.obj
 0001:0005437d       _$E366                     0045537d f   nafxcw:afxstate.obj
 0001:00054567       _$E373                     00455567 f   nafxcw:afxstate.obj
 0001:00054571       _$E370                     00455571 f   nafxcw:afxstate.obj
 0001:00054572       _$E372                     00455572 f   nafxcw:afxstate.obj
 0001:0005457e       _$E371                     0045557e f   nafxcw:afxstate.obj
 0001:00044d3b       _$E368                     00445d3b f   nafxcw:strcore.obj
 0001:00044d45       _$E365                     00445d45 f   nafxcw:strcore.obj
 0001:00044d54       _$E367                     00445d54 f   nafxcw:strcore.obj
 0001:00044d60       _$E366                     00445d60 f   nafxcw:strcore.obj
 0001:00044d6a       _$E373                     00445d6a f   nafxcw:strcore.obj
 0001:00044d74       _$E370                     00445d74 f   nafxcw:strcore.obj
 0001:00044d86       _$E372                     00445d86 f   nafxcw:strcore.obj
 0001:00044d92       _$E371                     00445d92 f   nafxcw:strcore.obj
 0001:00044d9c       _$E378                     00445d9c f   nafxcw:strcore.obj
 0001:00044da6       _$E375                     00445da6 f   nafxcw:strcore.obj
 0001:00044db8       _$E377                     00445db8 f   nafxcw:strcore.obj
 0001:00044dc4       _$E376                     00445dc4 f   nafxcw:strcore.obj
 0001:00044dce       _$E383                     00445dce f   nafxcw:strcore.obj
 0001:00044dd8       _$E380                     00445dd8 f   nafxcw:strcore.obj
 0001:00044dea       _$E382                     00445dea f   nafxcw:strcore.obj
 0001:00044df6       _$E381                     00445df6 f   nafxcw:strcore.obj
 0001:00041089       _$E374                     00442089 f   nafxcw:wincore.obj
 0001:0004108e       _$E373                     0044208e f   nafxcw:wincore.obj
 0001:0004109f       _$E380                     0044209f f   nafxcw:wincore.obj
 0001:000410a9       _$E376                     004420a9 f   nafxcw:wincore.obj
 0001:000410b6       _$E379                     004420b6 f   nafxcw:wincore.obj
 0001:000410c2       _$E377                     004420c2 f   nafxcw:wincore.obj
 0001:000410dd       _$E385                     004420dd f   nafxcw:wincore.obj
 0001:000410e7       _$E382                     004420e7 f   nafxcw:wincore.obj
 0001:000410f4       _$E384                     004420f4 f   nafxcw:wincore.obj
 0001:00041100       _$E383                     00442100 f   nafxcw:wincore.obj
 0001:0004111b       _$E390                     0044211b f   nafxcw:wincore.obj
 0001:00041125       _$E387                     00442125 f   nafxcw:wincore.obj
 0001:00041132       _$E389                     00442132 f   nafxcw:wincore.obj
 0001:0004113e       _$E388                     0044213e f   nafxcw:wincore.obj
 0001:00041159       _$E395                     00442159 f   nafxcw:wincore.obj
 0001:00041163       _$E392                     00442163 f   nafxcw:wincore.obj
 0001:00041170       _$E394                     00442170 f   nafxcw:wincore.obj
 0001:0004117c       _$E393                     0044217c f   nafxcw:wincore.obj
 0001:000540f5       _$E403                     004550f5 f   nafxcw:wincore.obj
 0001:000540ff       _$E399                     004550ff f   nafxcw:wincore.obj
 0001:0005410e       _$E402                     0045510e f   nafxcw:wincore.obj
 0001:0005411a       _$E400                     0045511a f   nafxcw:wincore.obj
 0001:0003a15c       _findenv                   0043b15c f   LIBCMT:setenv.obj
 0001:0003a1b4       _copy_environ              0043b1b4 f   LIBCMT:setenv.obj
 0001:00039faa       _strncnt                   0043afaa f   LIBCMT:a_cmp.obj
 0001:0003972f       _flsall                    0043a72f f   LIBCMT:fflush.obj
 0001:00038b97       _siglookup                 00439b97 f   LIBCMT:winsig.obj
 0001:0003827f       _x_ismbbtype               0043927f f   LIBCMT:ismbbyte.obj
 0001:00037a9b       __abstract_cw              00438a9b f   LIBCMT:ieee87.obj
 0001:00037b2d       __hw_cw                    00438b2d f   LIBCMT:ieee87.obj
 0001:000377ab       __get_fname                004387ab f   LIBCMT:fpexcept.obj
 0001:0003683c       __tzset_lk                 0043783c f   LIBCMT:tzset.obj
 0001:00036ae4       __isindst_lk               00437ae4 f   LIBCMT:tzset.obj
 0001:00036c90       _cvtdate                   00437c90 f   LIBCMT:tzset.obj
 0001:000363ed       _write_char                004373ed f   LIBCMT:output.obj
 0001:00036422       _write_multi_char          00437422 f   LIBCMT:output.obj
 0001:00036453       _write_string              00437453 f   LIBCMT:output.obj
 0001:0003648b       _get_int_arg               0043748b f   LIBCMT:output.obj
 0001:00036498       _get_int64_arg             00437498 f   LIBCMT:output.obj
 0001:000364a8       _get_short_arg             004374a8 f   LIBCMT:output.obj
 0001:00039faa       _strncnt                   0043afaa f   LIBCMT:a_cmp.obj
 0001:00033aca       _parse_cmdline             00434aca f   LIBCMT:stdargv.obj
 0001:000338e6       _xcptlookup                004348e6 f   LIBCMT:winxfltr.obj
 0001:00033359       __cftoe2                   00434359 f   LIBCMT:cvt.obj
 0001:00033470       __cftof2                   00434470 f   LIBCMT:cvt.obj
 0001:000335fb       __shift                    004345fb f   LIBCMT:cvt.obj
 0001:000327a2       ?FindHandler@@YAXPAUEHExceptionRecord@@PAUEHRegistrationNode@@PAU_CONTEXT@@PAXPBU_s_FuncInfo@@EH1@Z 004337a2 f   LIBCMT:frame.obj
 0001:00032955       ?FindHandlerForForeignException@@YAXPAUEHExceptionRecord@@PAUEHRegistrationNode@@PAU_CONTEXT@@PAXPBU_s_FuncInfo@@HH1@Z 00433955 f   LIBCMT:frame.obj
 0001:000329ff       ?TypeMatch@@YAHPBU_s_HandlerType@@PBU_s_CatchableType@@PBU_s_ThrowInfo@@@Z 004339ff f   LIBCMT:frame.obj
 0001:0002ee05       ?FrameUnwindFilter@@YAHPAU_EXCEPTION_POINTERS@@@Z 0042fe05 f   LIBCMT:ehvecdtr.obj
 0001:00032afa       ?CatchIt@@YAXPAUEHExceptionRecord@@PAUEHRegistrationNode@@PAU_CONTEXT@@PAXPBU_s_FuncInfo@@PBU_s_HandlerType@@PBU_s_CatchableType@@PBU_s_TryBlockMapEntry@@H1E@Z 00433afa f   LIBCMT:frame.obj
 0001:00032b75       ?CallCatchBlock@@YAPAXPAUEHExceptionRecord@@PAUEHRegistrationNode@@PAU_CONTEXT@@PBU_s_FuncInfo@@PAXHK@Z 00433b75 f   LIBCMT:frame.obj
 0001:00032c90       ?ExFilterRethrow@@YAHPAU_EXCEPTION_POINTERS@@@Z 00433c90 f   LIBCMT:frame.obj
 0001:00032cba       ?BuildCatchObject@@YAXPAUEHExceptionRecord@@PAUEHRegistrationNode@@PBU_s_HandlerType@@PBU_s_CatchableType@@@Z 00433cba f   LIBCMT:frame.obj
 0001:00032ee5       ?AdjustPointer@@YAPAXPAXABUPMD@@@Z 00433ee5 f   LIBCMT:frame.obj
 0001:00032206       _xtoa                      00433206 f   LIBCMT:xtoa.obj
 0001:00031dca       __threadstartex@4          00432dca f   LIBCMT:threadex.obj
 0001:00031c8e       _doexit                    00432c8e f   LIBCMT:crt0dat.obj
 0001:00031d45       __initterm                 00432d45 f   LIBCMT:crt0dat.obj
 0001:00031438       __expandtime               00432438 f   LIBCMT:strftime.obj
 0001:00031827       __store_str                00432827 f   LIBCMT:strftime.obj
 0001:0003184e       __store_num                0043284e f   LIBCMT:strftime.obj
 0001:000318bd       __store_number             004328bd f   LIBCMT:strftime.obj
 0001:00031906       __store_winword            00432906 f   LIBCMT:strftime.obj
 0001:000310dc       _getSystemCP               004320dc f   LIBCMT:mbctype.obj
 0001:00031126       _CPtoLCID                  00432126 f   LIBCMT:mbctype.obj
 0001:00031159       _setSBCS                   00432159 f   LIBCMT:mbctype.obj
 0001:00031182       _setSBUpLow                00432182 f   LIBCMT:mbctype.obj
 0001:00030a05       __make_time_t              00431a05 f   LIBCMT:mktime.obj
 0001:00030070       LeadUp1                    00431070 f   LIBCMT:memmove.obj
 0001:0003009c       LeadUp2                    0043109c f   LIBCMT:memmove.obj
 0001:000300c0       LeadUp3                    004310c0 f   LIBCMT:memmove.obj
 0001:0003013f       UnwindUp0                  0043113f f   LIBCMT:memmove.obj
 0001:0003012c       UnwindUp1                  0043112c f   LIBCMT:memmove.obj
 0001:00030124       UnwindUp2                  00431124 f   LIBCMT:memmove.obj
 0001:0003011c       UnwindUp3                  0043111c f   LIBCMT:memmove.obj
 0001:00030114       UnwindUp4                  00431114 f   LIBCMT:memmove.obj
 0001:0003010c       UnwindUp5                  0043110c f   LIBCMT:memmove.obj
 0001:00030104       UnwindUp6                  00431104 f   LIBCMT:memmove.obj
 0001:000300fc       UnwindUp7                  004310fc f   LIBCMT:memmove.obj
 0001:00030158       TrailUp0                   00431158 f   LIBCMT:memmove.obj
 0001:00030160       TrailUp1                   00431160 f   LIBCMT:memmove.obj
 0001:0003016c       TrailUp2                   0043116c f   LIBCMT:memmove.obj
 0001:00030180       TrailUp3                   00431180 f   LIBCMT:memmove.obj
 0001:000301f8       LeadDown1                  004311f8 f   LIBCMT:memmove.obj
 0001:00030218       LeadDown2                  00431218 f   LIBCMT:memmove.obj
 0001:00030240       LeadDown3                  00431240 f   LIBCMT:memmove.obj
 0001:00030294       UnwindDown7                00431294 f   LIBCMT:memmove.obj
 0001:0003029c       UnwindDown6                0043129c f   LIBCMT:memmove.obj
 0001:000302a4       UnwindDown5                004312a4 f   LIBCMT:memmove.obj
 0001:000302ac       UnwindDown4                004312ac f   LIBCMT:memmove.obj
 0001:000302b4       UnwindDown3                004312b4 f   LIBCMT:memmove.obj
 0001:000302bc       UnwindDown2                004312bc f   LIBCMT:memmove.obj
 0001:000302c4       UnwindDown1                004312c4 f   LIBCMT:memmove.obj
 0001:000302d7       UnwindDown0                004312d7 f   LIBCMT:memmove.obj
 0001:000302f0       TrailDown0                 004312f0 f   LIBCMT:memmove.obj
 0001:000302f8       TrailDown1                 004312f8 f   LIBCMT:memmove.obj
 0001:00030308       TrailDown2                 00431308 f   LIBCMT:memmove.obj
 0001:0003031c       TrailDown3                 0043131c f   LIBCMT:memmove.obj
 0001:0002fdbf       _strtoxl                   00430dbf f   LIBCMT:strtol.obj
 0001:0002f910       LeadUp1                    00430910 f   LIBCMT:memcpy.obj
 0001:0002f93c       LeadUp2                    0043093c f   LIBCMT:memcpy.obj
 0001:0002f960       LeadUp3                    00430960 f   LIBCMT:memcpy.obj
 0001:0002f9df       UnwindUp0                  004309df f   LIBCMT:memcpy.obj
 0001:0002f9cc       UnwindUp1                  004309cc f   LIBCMT:memcpy.obj
 0001:0002f9c4       UnwindUp2                  004309c4 f   LIBCMT:memcpy.obj
 0001:0002f9bc       UnwindUp3                  004309bc f   LIBCMT:memcpy.obj
 0001:0002f9b4       UnwindUp4                  004309b4 f   LIBCMT:memcpy.obj
 0001:0002f9ac       UnwindUp5                  004309ac f   LIBCMT:memcpy.obj
 0001:0002f9a4       UnwindUp6                  004309a4 f   LIBCMT:memcpy.obj
 0001:0002f99c       UnwindUp7                  0043099c f   LIBCMT:memcpy.obj
 0001:0002f9f8       TrailUp0                   004309f8 f   LIBCMT:memcpy.obj
 0001:0002fa00       TrailUp1                   00430a00 f   LIBCMT:memcpy.obj
 0001:0002fa0c       TrailUp2                   00430a0c f   LIBCMT:memcpy.obj
 0001:0002fa20       TrailUp3                   00430a20 f   LIBCMT:memcpy.obj
 0001:0002fa98       LeadDown1                  00430a98 f   LIBCMT:memcpy.obj
 0001:0002fab8       LeadDown2                  00430ab8 f   LIBCMT:memcpy.obj
 0001:0002fae0       LeadDown3                  00430ae0 f   LIBCMT:memcpy.obj
 0001:0002fb34       UnwindDown7                00430b34 f   LIBCMT:memcpy.obj
 0001:0002fb3c       UnwindDown6                00430b3c f   LIBCMT:memcpy.obj
 0001:0002fb44       UnwindDown5                00430b44 f   LIBCMT:memcpy.obj
 0001:0002fb4c       UnwindDown4                00430b4c f   LIBCMT:memcpy.obj
 0001:0002fb54       UnwindDown3                00430b54 f   LIBCMT:memcpy.obj
 0001:0002fb5c       UnwindDown2                00430b5c f   LIBCMT:memcpy.obj
 0001:0002fb64       UnwindDown1                00430b64 f   LIBCMT:memcpy.obj
 0001:0002fb77       UnwindDown0                00430b77 f   LIBCMT:memcpy.obj
 0001:0002fb90       TrailDown0                 00430b90 f   LIBCMT:memcpy.obj
 0001:0002fb98       TrailDown1                 00430b98 f   LIBCMT:memcpy.obj
 0001:0002fba8       TrailDown2                 00430ba8 f   LIBCMT:memcpy.obj
 0001:0002fbbc       TrailDown3                 00430bbc f   LIBCMT:memcpy.obj
 0001:0002f336       _fast_error_exit           00430336 f   LIBCMT:wincrt0.obj
 0001:0002ee05       ?ArrayUnwindFilter@@YAHPAU_EXCEPTION_POINTERS@@@Z 0042fe05 f   LIBCMT:ehvecdtr.obj
 0001:0002ebd8       _gu_return                 0042fbd8 f   LIBCMT:exsup.obj
 0001:0002ebe0       __unwind_handler           0042fbe0 f   LIBCMT:exsup.obj
 0001:0002e9f5       ?CatchGuardHandler@@YA?AW4_EXCEPTION_DISPOSITION@@PAUEHExceptionRecord@@PAUCatchGuardRN@@PAX2@Z 0042f9f5 f   LIBCMT:trnsctrl.obj
 0001:0002ead0       ?TranslatorGuardHandler@@YA?AW4_EXCEPTION_DISPOSITION@@PAUEHExceptionRecord@@PAUTranslatorGuardRN@@PAX2@Z 0042fad0 f   LIBCMT:trnsctrl.obj
 0001:0003a330       _LpfnGetDefWndProcNull     0043b330 f   ctl3d32s:CTL3D.OBJ
 0001:0003a350       _LpfnGetDefWndProc         0043b350 f   ctl3d32s:CTL3D.OBJ
 0001:0003a3a0       _SubclassWindow            0043b3a0 f   ctl3d32s:CTL3D.OBJ
 0001:0003a540       _HookSubclassWindow        0043b540 f   ctl3d32s:CTL3D.OBJ
 0001:0003a580       _CleanupSubclass           0043b580 f   ctl3d32s:CTL3D.OBJ
 0001:0003a5e0       _DeleteObjectNull          0043b5e0 f   ctl3d32s:CTL3D.OBJ
 0001:0003a600       _DeleteObjects             0043b600 f   ctl3d32s:CTL3D.OBJ
 0001:0003a630       _PatFill                   0043b630 f   ctl3d32s:CTL3D.OBJ
 0001:0003a660       _DrawRec3d                 0043b660 f   ctl3d32s:CTL3D.OBJ
 0001:0003a7a0       _DrawInsetRect3d           0043b7a0 f   ctl3d32s:CTL3D.OBJ
 0001:0003a810       _ClipCtlDc                 0043b810 f   ctl3d32s:CTL3D.OBJ
 0001:0003a850       _MyGetTextExtent           0043b850 f   ctl3d32s:CTL3D.OBJ
 0001:0003ae20       _CheckChildSubclass        0043be20 f   ctl3d32s:CTL3D.OBJ
 0001:0003b080       _Ctl3dDlgFramePaintI@20    0043c080 f   ctl3d32s:CTL3D.OBJ
 0001:0003b3d0       _FInit3dDialogs            0043c3d0 f   ctl3d32s:CTL3D.OBJ
 0001:0003b5c0       _End3dDialogs              0043c5c0 f   ctl3d32s:CTL3D.OBJ
 0001:0003b6a0       _InternalCtl3dColorChange  0043c6a0 f   ctl3d32s:CTL3D.OBJ
 0001:0003bb60       _DoesChildNeedSubclass     0043cb60 f   ctl3d32s:CTL3D.OBJ
 0001:0003bd50       _FBtn                      0043cd50 f   ctl3d32s:CTL3D.OBJ
 0001:0003bd80       _FEdit                     0043cd80 f   ctl3d32s:CTL3D.OBJ
 0001:0003bd80       _FList                     0043cd80 f   ctl3d32s:CTL3D.OBJ
 0001:0003bdd0       _FComboList                0043cdd0 f   ctl3d32s:CTL3D.OBJ
 0001:0003be10       _FCombo                    0043ce10 f   ctl3d32s:CTL3D.OBJ
 0001:0003bee0       _FStatic                   0043cee0 f   ctl3d32s:CTL3D.OBJ
 0001:0003bf30       _DoSubclassCtl             0043cf30 f   ctl3d32s:CTL3D.OBJ
 0001:0003c020       _Inval3dCtl                0043d020 f   ctl3d32s:CTL3D.OBJ
 0001:0003c0e0       _Val3dCtl                  0043d0e0 f   ctl3d32s:CTL3D.OBJ
 0001:0003c150       _DrawPushButton            0043d150 f   ctl3d32s:CTL3D.OBJ
 0001:0003c490       _BtnPaint                  0043d490 f   ctl3d32s:CTL3D.OBJ

 1969 bytes saved through ICF

